Archive member included because of file (symbol)

../src/qtouch\libavrxmega6g1-4qt-k-0rs.a(burst_1_1_10_0.o)
                              src/qtouch/touch.o (burst_1_1_10_0)
../src/qtouch\libavrxmega6g1-4qt-k-0rs.a(touch_api.o)
                              src/qtouch/touch.o (qt_enable_key)
../src/qtouch\libavrxmega6g1-4qt-k-0rs.a(touch_process.o)
                              ../src/qtouch\libavrxmega6g1-4qt-k-0rs.a(touch_api.o) (start_cal_sensor)
../src/qtouch\libavrxmega6g1-4qt-k-0rs.a(touch_burst_qt.o)
                              ../src/qtouch\libavrxmega6g1-4qt-k-0rs.a(touch_api.o) (burst_init)
c:/program files (x86)/atmel/atmel toolchain/avr8 gcc/native/3.4.2.1002/avr8-gnu-toolchain/bin/../lib/gcc/avr/4.7.2/../../../../avr/lib/avrxmega6\libm.a(addsf3.o)
                              src/adc_sensors.o (__addsf3)
c:/program files (x86)/atmel/atmel toolchain/avr8 gcc/native/3.4.2.1002/avr8-gnu-toolchain/bin/../lib/gcc/avr/4.7.2/../../../../avr/lib/avrxmega6\libm.a(addsf3x.o)
                              c:/program files (x86)/atmel/atmel toolchain/avr8 gcc/native/3.4.2.1002/avr8-gnu-toolchain/bin/../lib/gcc/avr/4.7.2/../../../../avr/lib/avrxmega6\libm.a(addsf3.o) (__addsf3x)
c:/program files (x86)/atmel/atmel toolchain/avr8 gcc/native/3.4.2.1002/avr8-gnu-toolchain/bin/../lib/gcc/avr/4.7.2/../../../../avr/lib/avrxmega6\libm.a(fixsfsi.o)
                              src/adc_sensors.o (__fixsfsi)
c:/program files (x86)/atmel/atmel toolchain/avr8 gcc/native/3.4.2.1002/avr8-gnu-toolchain/bin/../lib/gcc/avr/4.7.2/../../../../avr/lib/avrxmega6\libm.a(fixunssfsi.o)
                              src/main.o (__fixunssfsi)
c:/program files (x86)/atmel/atmel toolchain/avr8 gcc/native/3.4.2.1002/avr8-gnu-toolchain/bin/../lib/gcc/avr/4.7.2/../../../../avr/lib/avrxmega6\libm.a(floatsisf.o)
                              src/adc_sensors.o (__floatunsisf)
c:/program files (x86)/atmel/atmel toolchain/avr8 gcc/native/3.4.2.1002/avr8-gnu-toolchain/bin/../lib/gcc/avr/4.7.2/../../../../avr/lib/avrxmega6\libm.a(fp_inf.o)
                              c:/program files (x86)/atmel/atmel toolchain/avr8 gcc/native/3.4.2.1002/avr8-gnu-toolchain/bin/../lib/gcc/avr/4.7.2/../../../../avr/lib/avrxmega6\libm.a(addsf3x.o) (__fp_inf)
c:/program files (x86)/atmel/atmel toolchain/avr8 gcc/native/3.4.2.1002/avr8-gnu-toolchain/bin/../lib/gcc/avr/4.7.2/../../../../avr/lib/avrxmega6\libm.a(fp_nan.o)
                              c:/program files (x86)/atmel/atmel toolchain/avr8 gcc/native/3.4.2.1002/avr8-gnu-toolchain/bin/../lib/gcc/avr/4.7.2/../../../../avr/lib/avrxmega6\libm.a(addsf3x.o) (__fp_nan)
c:/program files (x86)/atmel/atmel toolchain/avr8 gcc/native/3.4.2.1002/avr8-gnu-toolchain/bin/../lib/gcc/avr/4.7.2/../../../../avr/lib/avrxmega6\libm.a(fp_pscA.o)
                              c:/program files (x86)/atmel/atmel toolchain/avr8 gcc/native/3.4.2.1002/avr8-gnu-toolchain/bin/../lib/gcc/avr/4.7.2/../../../../avr/lib/avrxmega6\libm.a(addsf3x.o) (__fp_pscA)
c:/program files (x86)/atmel/atmel toolchain/avr8 gcc/native/3.4.2.1002/avr8-gnu-toolchain/bin/../lib/gcc/avr/4.7.2/../../../../avr/lib/avrxmega6\libm.a(fp_pscB.o)
                              c:/program files (x86)/atmel/atmel toolchain/avr8 gcc/native/3.4.2.1002/avr8-gnu-toolchain/bin/../lib/gcc/avr/4.7.2/../../../../avr/lib/avrxmega6\libm.a(addsf3x.o) (__fp_pscB)
c:/program files (x86)/atmel/atmel toolchain/avr8 gcc/native/3.4.2.1002/avr8-gnu-toolchain/bin/../lib/gcc/avr/4.7.2/../../../../avr/lib/avrxmega6\libm.a(fp_round.o)
                              c:/program files (x86)/atmel/atmel toolchain/avr8 gcc/native/3.4.2.1002/avr8-gnu-toolchain/bin/../lib/gcc/avr/4.7.2/../../../../avr/lib/avrxmega6\libm.a(addsf3.o) (__fp_round)
c:/program files (x86)/atmel/atmel toolchain/avr8 gcc/native/3.4.2.1002/avr8-gnu-toolchain/bin/../lib/gcc/avr/4.7.2/../../../../avr/lib/avrxmega6\libm.a(fp_split3.o)
                              c:/program files (x86)/atmel/atmel toolchain/avr8 gcc/native/3.4.2.1002/avr8-gnu-toolchain/bin/../lib/gcc/avr/4.7.2/../../../../avr/lib/avrxmega6\libm.a(addsf3x.o) (__fp_split3)
c:/program files (x86)/atmel/atmel toolchain/avr8 gcc/native/3.4.2.1002/avr8-gnu-toolchain/bin/../lib/gcc/avr/4.7.2/../../../../avr/lib/avrxmega6\libm.a(fp_zero.o)
                              c:/program files (x86)/atmel/atmel toolchain/avr8 gcc/native/3.4.2.1002/avr8-gnu-toolchain/bin/../lib/gcc/avr/4.7.2/../../../../avr/lib/avrxmega6\libm.a(addsf3x.o) (__fp_zero)
c:/program files (x86)/atmel/atmel toolchain/avr8 gcc/native/3.4.2.1002/avr8-gnu-toolchain/bin/../lib/gcc/avr/4.7.2/../../../../avr/lib/avrxmega6\libm.a(mulsf3.o)
                              src/adc_sensors.o (__mulsf3)
c:/program files (x86)/atmel/atmel toolchain/avr8 gcc/native/3.4.2.1002/avr8-gnu-toolchain/bin/../lib/gcc/avr/4.7.2/../../../../avr/lib/avrxmega6\libm.a(mulsf3x.o)
[...]
Memory Configuration

Name             Origin             Length             Attributes
text             0x00000000         0x00100000         xr
data             0x00802000         0x0000ffa0         rw !x
eeprom           0x00810000         0x00010000         rw !x
fuse             0x00820000         0x00000400         rw !x
lock             0x00830000         0x00000400         rw !x
signature        0x00840000         0x00000400         rw !x
user_signatures  0x00850000         0x00000400         rw !x
*default*        0x00000000         0xffffffff

Linker script and memory map

LOAD c:/program files (x86)/atmel/atmel toolchain/avr8 gcc/native/3.4.2.1002/avr8-gnu-toolchain/bin/../lib/gcc/avr/4.7.2/../../../../avr/lib/avrxmega6/crtx256a3bu.o
LOAD src/adc_sensors.o
LOAD src/ASF/common/components/display/st7565r/st7565r.o
LOAD src/ASF/common/services/calendar/calendar.o
LOAD src/ASF/common/services/clock/xmega/sysclk.o
LOAD src/ASF/common/services/gfx_mono/gfx_mono_c12832_a1z.o
LOAD src/ASF/common/services/gfx_mono/gfx_mono_framebuffer.o
LOAD src/ASF/common/services/gfx_mono/gfx_mono_generic.o
LOAD src/ASF/common/services/gfx_mono/gfx_mono_menu.o
LOAD src/ASF/common/services/gfx_mono/gfx_mono_spinctrl.o
LOAD src/ASF/common/services/gfx_mono/gfx_mono_text.o
LOAD src/ASF/common/services/gfx_mono/sysfont.o
LOAD src/ASF/common/services/ioport/xmega/ioport_compat.o
LOAD src/ASF/common/services/sleepmgr/xmega/sleepmgr.o
LOAD src/ASF/common/services/spi/xmega_usart_spi/usart_spi.o
LOAD src/ASF/common/services/usb/class/cdc/device/udi_cdc.o
LOAD src/ASF/common/services/usb/class/cdc/device/udi_cdc_desc.o
LOAD src/ASF/common/services/usb/udc/udc.o
LOAD src/ASF/xmega/boards/xmega_a3bu_xplained/init.o
LOAD src/ASF/xmega/drivers/adc/adc.o
LOAD src/ASF/xmega/drivers/adc/xmega_aau/adc_aau.o
LOAD src/ASF/xmega/drivers/cpu/ccp.o
LOAD src/ASF/xmega/drivers/nvm/nvm.o
LOAD src/ASF/xmega/drivers/nvm/nvm_asm.o
LOAD src/ASF/xmega/drivers/rtc32/rtc32.o
LOAD src/ASF/xmega/drivers/usart/usart.o
LOAD src/ASF/xmega/drivers/usb/usb_device.o
LOAD src/bitmaps.o
LOAD src/cdc.o
LOAD src/date_time.o
LOAD src/keyboard.o
LOAD src/lightsensor.o
LOAD src/main.o
LOAD src/ntc_sensor.o
LOAD src/production_date.o
LOAD src/qtouch/qt_asm_xmega.o
LOAD src/qtouch/touch.o
LOAD src/timezone.o
START GROUP
LOAD ../src/qtouch\libavrxmega6g1-4qt-k-0rs.a
LOAD c:/program files (x86)/atmel/atmel toolchain/avr8 gcc/native/3.4.2.1002/avr8-gnu-toolchain/bin/../lib/gcc/avr/4.7.2/../../../../avr/lib/avrxmega6\libm.a
END GROUP
Address of section .BOOT set to 0x40000
LOAD c:/program files (x86)/atmel/atmel toolchain/avr8 gcc/native/3.4.2.1002/avr8-gnu-toolchain/bin/../lib/gcc/avr/4.7.2/avrxmega6\libgcc.a
LOAD c:/program files (x86)/atmel/atmel toolchain/avr8 gcc/native/3.4.2.1002/avr8-gnu-toolchain/bin/../lib/gcc/avr/4.7.2/../../../../avr/lib/avrxmega6\libc.a
LOAD c:/program files (x86)/atmel/atmel toolchain/avr8 gcc/native/3.4.2.1002/avr8-gnu-toolchain/bin/../lib/gcc/avr/4.7.2/avrxmega6\libgcc.a

.hash
 *(.hash)

.dynsym
 *(.dynsym)

.dynstr
 *(.dynstr)

.gnu.version
 *(.gnu.version)

.gnu.version_d
 *(.gnu.version_d)

.gnu.version_r
 *(.gnu.version_r)

.rel.init
 *(.rel.init)

.rela.init
 *(.rela.init)

.rel.text
 *(.rel.text)
 *(.rel.text.*)
 *(.rel.gnu.linkonce.t*)

.rela.text
 *(.rela.text)
 *(.rela.text.*)
 *(.rela.gnu.linkonce.t*)

.rel.fini
 *(.rel.fini)

.rela.fini
 *(.rela.fini)

.rel.rodata
 *(.rel.rodata)
 *(.rel.rodata.*)
 *(.rel.gnu.linkonce.r*)

.rela.rodata
 *(.rela.rodata)
 *(.rela.rodata.*)
 *(.rela.gnu.linkonce.r*)

.rel.data
 *(.rel.data)
 *(.rel.data.*)
 *(.rel.gnu.linkonce.d*)

.rela.data
 *(.rela.data)
 *(.rela.data.*)
 *(.rela.gnu.linkonce.d*)

.rel.ctors
 *(.rel.ctors)

.rela.ctors
 *(.rela.ctors)

.rel.dtors
 *(.rel.dtors)

.rela.dtors
 *(.rela.dtors)

.rel.got
 *(.rel.got)

.rela.got
 *(.rela.got)

.rel.bss
 *(.rel.bss)

.rela.bss
 *(.rela.bss)

.rel.plt
 *(.rel.plt)

.rela.plt
 *(.rela.plt)

.text           0x00000000     0x5762
 *(.vectors)
 .vectors       0x00000000      0x1fc c:/program files (x86)/atmel/atmel toolchain/avr8 gcc/native/3.4.2.1002/avr8-gnu-toolchain/bin/../lib/gcc/avr/4.7.2/../../../../avr/lib/avrxmega6/crtx256a3bu.o
                0x00000000                __vector_default
                0x00000000                __vectors
 *(.vectors)
 *(.progmem.gcc*)
 *(.progmem*)
 .progmem.data.sysfont_glyphs
                0x000001fc      0x292 src/ASF/common/services/gfx_mono/sysfont.o
 .progmem.data.tz_min_45
                0x0000048e        0x8 src/timezone.o
                0x0000048e                tz_min_45
 .progmem.data.tz_min_30
                0x00000496        0x8 src/timezone.o
                0x00000496                tz_min_30
 .progmem.data.tz_min_15
                0x0000049e        0x8 src/timezone.o
                0x0000049e                tz_min_15
 .progmem.data.tz_min_00
                0x000004a6        0x7 src/timezone.o
                0x000004a6                tz_min_00
 .progmem.data.tz_minutes_title
                0x000004ad       0x12 src/timezone.o
                0x000004ad                tz_minutes_title
 .progmem.data.tz_12
                0x000004bf        0xa src/timezone.o
                0x000004bf                tz_12
 .progmem.data.tz_11
                0x000004c9       0x14 src/timezone.o
                0x000004c9                tz_11
 .progmem.data.tz_10
                0x000004dd        0xa src/timezone.o
                0x000004dd                tz_10
 .progmem.data.tz_09
                0x000004e7        0xb src/timezone.o
                0x000004e7                tz_09
 .progmem.data.tz_08
                0x000004f2        0xf src/timezone.o
                0x000004f2                tz_08
 .progmem.data.tz_07
                0x00000501        0xe src/timezone.o
                0x00000501                tz_07
 .progmem.data.tz_06
                0x0000050f       0x10 src/timezone.o
                0x0000050f                tz_06
 .progmem.data.tz_05
                0x0000051f        0xe src/timezone.o
                0x0000051f                tz_05
 .progmem.data.tz_04
                0x0000052d        0xc src/timezone.o
                0x0000052d                tz_04
 .progmem.data.tz_03
                0x00000539        0xd src/timezone.o
                0x00000539                tz_03
 .progmem.data.tz_02
                0x00000546        0xe src/timezone.o
                0x00000546                tz_02
 .progmem.data.tz_01
                0x00000554       0x12 src/timezone.o
                0x00000554                tz_01
 .progmem.data.tz_00
                0x00000566        0xe src/timezone.o
                0x00000566                tz_00
 .progmem.data.tz_n01
                0x00000574        0xb src/timezone.o
                0x00000574                tz_n01
 .progmem.data.tz_n02
                0x0000057f       0x13 src/timezone.o
                0x0000057f                tz_n02
 .progmem.data.tz_n03
                0x00000592        0xf src/timezone.o
                0x00000592                tz_n03
 .progmem.data.tz_n04
                0x000005a1        0x9 src/timezone.o
                0x000005a1                tz_n04
 .progmem.data.tz_n05
                0x000005aa        0xd src/timezone.o
                0x000005aa                tz_n05
 .progmem.data.tz_n06
                0x000005b7        0xd src/timezone.o
                0x000005b7                tz_n06
 .progmem.data.tz_n07
                0x000005c4        0xe src/timezone.o
                0x000005c4                tz_n07
 .progmem.data.tz_n08
                0x000005d2        0xd src/timezone.o
                0x000005d2                tz_n08
 .progmem.data.tz_n09
                0x000005df        0xc src/timezone.o
                0x000005df                tz_n09
 .progmem.data.tz_n10
                0x000005eb        0xc src/timezone.o
                0x000005eb                tz_n10
 .progmem.data.tz_n11
                0x000005f7       0x12 src/timezone.o
                0x000005f7                tz_n11
 .progmem.data.tz_n12
                0x00000609       0x12 src/timezone.o
                0x00000609                tz_n12
 .progmem.data.tz_hours_title
                0x0000061b       0x13 src/timezone.o
                0x0000061b                tz_hours_title
                0x0000062e                . = ALIGN (0x2)
                0x0000062e                __trampolines_start = .
 *(.trampolines)
 .trampolines   0x0000062e        0x0 linker stubs
 *(.trampolines*)
                0x0000062e                __trampolines_end = .
 *(.jumptables)
 *(.jumptables*)
 *(.lowtext)
 *(.lowtext*)
                0x0000062e                __ctors_start = .
 *(.ctors)
                0x0000062e                __ctors_end = .
                0x0000062e                __dtors_start = .
 *(.dtors)
                0x0000062e                __dtors_end = .
 SORT(*)(.ctors)
 SORT(*)(.dtors)
 *(.init0)
 .init0         0x0000062e        0x0 c:/program files (x86)/atmel/atmel toolchain/avr8 gcc/native/3.4.2.1002/avr8-gnu-toolchain/bin/../lib/gcc/avr/4.7.2/../../../../avr/lib/avrxmega6/crtx256a3bu.o
                0x0000062e                __init
 *(.init0)
 *(.init1)
 *(.init1)
 *(.init2)
 .init2         0x0000062e       0x10 c:/program files (x86)/atmel/atmel toolchain/avr8 gcc/native/3.4.2.1002/avr8-gnu-toolchain/bin/../lib/gcc/avr/4.7.2/../../../../avr/lib/avrxmega6/crtx256a3bu.o
 *(.init2)
 *(.init3)
 *(.init3)
 *(.init4)
 .init4         0x0000063e       0x1a c:/program files (x86)/atmel/atmel toolchain/avr8 gcc/native/3.4.2.1002/avr8-gnu-toolchain/bin/../lib/gcc/avr/4.7.2/avrxmega6\libgcc.a(_copy_data.o)
                0x0000063e                __do_copy_data
 .init4         0x00000658       0x10 c:/program files (x86)/atmel/atmel toolchain/avr8 gcc/native/3.4.2.1002/avr8-gnu-toolchain/bin/../lib/gcc/avr/4.7.2/avrxmega6\libgcc.a(_clear_bss.o)
                0x00000658                __do_clear_bss
 *(.init4)
 *(.init5)
 *(.init5)
 *(.init6)
 *(.init6)
 *(.init7)
 *(.init7)
 *(.init8)
 *(.init8)
 *(.init9)
 .init9         0x00000668        0x8 c:/program files (x86)/atmel/atmel toolchain/avr8 gcc/native/3.4.2.1002/avr8-gnu-toolchain/bin/../lib/gcc/avr/4.7.2/../../../../avr/lib/avrxmega6/crtx256a3bu.o
 *(.init9)
 *(.text)
 .text          0x00000670        0x2 c:/program files (x86)/atmel/atmel toolchain/avr8 gcc/native/3.4.2.1002/avr8-gnu-toolchain/bin/../lib/gcc/avr/4.7.2/../../../../avr/lib/avrxmega6/crtx256a3bu.o
                0x00000670                __vector_38
                0x00000670                __vector_104
                0x00000670                __vector_63
                0x00000670                __vector_28
                0x00000670                __vector_67
                0x00000670                __vector_1
                0x00000670                __vector_119
                0x00000670                __vector_32
                0x00000670                __vector_75
                0x00000670                __vector_91
                0x00000670                __vector_34
                0x00000670                __vector_62
                0x00000670                __vector_77
                0x00000670                __vector_102
                0x00000670                __vector_24
                0x00000670                __vector_12
                0x00000670                __vector_55
                0x00000670                __vector_69
                0x00000670                __vector_81
                0x00000670                __vector_90
                0x00000670                __vector_46
                0x00000670                __bad_interrupt
                0x00000670                __vector_122
                0x00000670                __vector_114
                0x00000670                __vector_6
                0x00000670                __vector_110
                0x00000670                __vector_31
                0x00000670                __vector_92
                0x00000670                __vector_35
                0x00000670                __vector_78
                0x00000670                __vector_117
                0x00000670                __vector_107
                0x00000670                __vector_3
                0x00000670                __vector_105
                0x00000670                __vector_98
                0x00000670                __vector_23
                0x00000670                __vector_68
                0x00000670                __vector_30
                0x00000670                __vector_45
                0x00000670                __vector_25
                0x00000670                __vector_93
                0x00000670                __vector_61
                0x00000670                __vector_54
                0x00000670                __vector_99
                0x00000670                __vector_13
                0x00000670                __vector_17
                0x00000670                __vector_19
                0x00000670                __vector_56
                0x00000670                __vector_7
                0x00000670                __vector_49
                0x00000670                __vector_123
                0x00000670                __vector_86
                0x00000670                __vector_100
                0x00000670                __vector_101
                0x00000670                __vector_64
                0x00000670                __vector_88
                0x00000670                __vector_109
                0x00000670                __vector_43
                0x00000670                __vector_27
                0x00000670                __vector_5
                0x00000670                __vector_113
                0x00000670                __vector_33
                0x00000670                __vector_76
                0x00000670                __vector_115
                0x00000670                __vector_47
                0x00000670                __vector_52
                0x00000670                __vector_37
                0x00000670                __vector_95
                0x00000670                __vector_103
                0x00000670                __vector_96
                0x00000670                __vector_89
                0x00000670                __vector_108
                0x00000670                __vector_4
                0x00000670                __vector_44
                0x00000670                __vector_82
                0x00000670                __vector_106
                0x00000670                __vector_118
                0x00000670                __vector_51
                0x00000670                __vector_9
                0x00000670                __vector_2
                0x00000670                __vector_21
                0x00000670                __vector_15
                0x00000670                __vector_66
                0x00000670                __vector_36
                0x00000670                __vector_79
                0x00000670                __vector_58
                0x00000670                __vector_70
                0x00000670                __vector_83
                0x00000670                __vector_29
                0x00000670                __vector_60
                0x00000670                __vector_121
                0x00000670                __vector_85
                0x00000670                __vector_94
                0x00000670                __vector_8
                0x00000670                __vector_26
                0x00000670                __vector_48
                0x00000670                __vector_124
                0x00000670                __vector_116
                0x00000670                __vector_112
                0x00000670                __vector_111
                0x00000670                __vector_80
                0x00000670                __vector_14
                0x00000670                __vector_84
                0x00000670                __vector_57
                0x00000670                __vector_53
                0x00000670                __vector_10
                0x00000670                __vector_50
                0x00000670                __vector_16
                0x00000670                __vector_59
                0x00000670                __vector_18
                0x00000670                __vector_97
                0x00000670                __vector_20
                0x00000670                __vector_87
                0x00000670                __vector_65
                0x00000670                __vector_120
 .text          0x00000672       0x3c src/qtouch/qt_asm_xmega.o
                0x00000672                _1101010101_
                0x00000688                _1101010111_
                0x000006a4                _1101010110_
 .text          0x000006ae      0x1ae ../src/qtouch\libavrxmega6g1-4qt-k-0rs.a(burst_1_1_10_0.o)
                0x000006ae                burst_1_1_10_0
 .text          0x0000085c      0x27a ../src/qtouch\libavrxmega6g1-4qt-k-0rs.a(touch_api.o)
                0x0000085c                qt_get_library_sig
                0x00000874                qt_enable_key
                0x000008a8                qt_get_sensor_delta
                0x00000954                qt_measure_sensors
                0x00000a48                qt_reset_sensing
                0x00000a7e                qt_calibrate_sensing
                0x00000a96                qt_init_sensing_with_burst
 .text          0x00000ad6      0x60a ../src/qtouch\libavrxmega6g1-4qt-k-0rs.a(touch_process.o)
                0x00000ad6                start_cal_sensor
                0x00000b2e                get_channel_delta
                0x00000b58                process_sensor
 .text          0x000010e0       0x66 ../src/qtouch\libavrxmega6g1-4qt-k-0rs.a(touch_burst_qt.o)
                0x000010e0                burst_init
                0x000010ea                burst_reset
                0x0000110c                burst
                0x00001146                . = ALIGN (0x2)
 *(.text.*)
 .text.adc_handler
                0x00001146       0xbc src/adc_sensors.o
                0x00001146                adc_handler
 .text.ntc_data_is_ready
                0x00001202       0x1c src/adc_sensors.o
                0x00001202                ntc_data_is_ready
 .text.adc_sensors_init
                0x0000121e       0xa8 src/adc_sensors.o
                0x0000121e                adc_sensors_init
 .text.ntc_get_temperature
                0x000012c6       0x60 src/adc_sensors.o
                0x000012c6                ntc_get_temperature
 .text.st7565r_init
                0x00001326      0x2de src/ASF/common/components/display/st7565r/st7565r.o
                0x00001326                st7565r_init
 .text.sysclk_init
                0x00001604       0xe8 src/ASF/common/services/clock/xmega/sysclk.o
                0x00001604                sysclk_init
 .text.sysclk_enable_module
                0x000016ec       0x18 src/ASF/common/services/clock/xmega/sysclk.o
                0x000016ec                sysclk_enable_module
 .text.sysclk_disable_module
                0x00001704       0x16 src/ASF/common/services/clock/xmega/sysclk.o
                0x00001704                sysclk_disable_module
 .text.sysclk_enable_usb
                0x0000171a       0x6c src/ASF/common/services/clock/xmega/sysclk.o
                0x0000171a                sysclk_enable_usb
 .text.gfx_mono_st7565r_put_page
                0x00001786      0x122 src/ASF/common/services/gfx_mono/gfx_mono_c12832_a1z.o
                0x00001786                gfx_mono_st7565r_put_page
 .text.gfx_mono_st7565r_put_byte
                0x000018a8      0x104 src/ASF/common/services/gfx_mono/gfx_mono_c12832_a1z.o
                0x000018a8                gfx_mono_st7565r_put_byte
 .text.gfx_mono_st7565r_init
                0x000019ac       0x6a src/ASF/common/services/gfx_mono/gfx_mono_c12832_a1z.o
                0x000019ac                gfx_mono_st7565r_init
 .text.gfx_mono_st7565r_get_byte
                0x00001a16        0x4 src/ASF/common/services/gfx_mono/gfx_mono_c12832_a1z.o
                0x00001a16                gfx_mono_st7565r_get_byte
 .text.gfx_mono_st7565r_draw_pixel
                0x00001a1a       0x80 src/ASF/common/services/gfx_mono/gfx_mono_c12832_a1z.o
                0x00001a1a                gfx_mono_st7565r_draw_pixel
 .text.gfx_mono_st7565r_mask_byte
                0x00001a9a       0x3c src/ASF/common/services/gfx_mono/gfx_mono_c12832_a1z.o
                0x00001a9a                gfx_mono_st7565r_mask_byte
 .text.gfx_mono_set_framebuffer
                0x00001ad6        0xa src/ASF/common/services/gfx_mono/gfx_mono_framebuffer.o
                0x00001ad6                gfx_mono_set_framebuffer
 .text.gfx_mono_framebuffer_put_page
                0x00001ae0       0x28 src/ASF/common/services/gfx_mono/gfx_mono_framebuffer.o
                0x00001ae0                gfx_mono_framebuffer_put_page
 .text.gfx_mono_framebuffer_put_byte
                0x00001b08       0x1e src/ASF/common/services/gfx_mono/gfx_mono_framebuffer.o
                0x00001b08                gfx_mono_framebuffer_put_byte
 .text.gfx_mono_framebuffer_get_byte
                0x00001b26       0x1e src/ASF/common/services/gfx_mono/gfx_mono_framebuffer.o
                0x00001b26                gfx_mono_framebuffer_get_byte
 .text.gfx_mono_generic_draw_horizontal_line
                0x00001b44       0xd0 src/ASF/common/services/gfx_mono/gfx_mono_generic.o
                0x00001b44                gfx_mono_generic_draw_horizontal_line
 .text.gfx_mono_generic_draw_vertical_line
                0x00001c14       0xa4 src/ASF/common/services/gfx_mono/gfx_mono_generic.o
                0x00001c14                gfx_mono_generic_draw_vertical_line
 .text.gfx_mono_generic_draw_rect
                0x00001cb8       0x48 src/ASF/common/services/gfx_mono/gfx_mono_generic.o
                0x00001cb8                gfx_mono_generic_draw_rect
 .text.gfx_mono_generic_draw_filled_rect
                0x00001d00       0x34 src/ASF/common/services/gfx_mono/gfx_mono_generic.o
                0x00001d00                gfx_mono_generic_draw_filled_rect
 .text.gfx_mono_generic_put_bitmap
                0x00001d34       0xbe src/ASF/common/services/gfx_mono/gfx_mono_generic.o
                0x00001d34                gfx_mono_generic_put_bitmap
 .text.gfx_mono_draw_char
                0x00001df2       0xba src/ASF/common/services/gfx_mono/gfx_mono_text.o
                0x00001df2                gfx_mono_draw_char
 .text.gfx_mono_draw_string
                0x00001eac       0x54 src/ASF/common/services/gfx_mono/gfx_mono_text.o
                0x00001eac                gfx_mono_draw_string
 .text.ioport_configure_port_pin
                0x00001f00       0x50 src/ASF/common/services/ioport/xmega/ioport_compat.o
                0x00001f00                ioport_configure_port_pin
 .text.usart_spi_init
                0x00001f50       0x54 src/ASF/common/services/spi/xmega_usart_spi/usart_spi.o
                0x00001f50                usart_spi_init
 .text.usart_spi_setup_device
                0x00001fa4       0x36 src/ASF/common/services/spi/xmega_usart_spi/usart_spi.o
                0x00001fa4                usart_spi_setup_device
 .text.udi_cdc_comm_enable
                0x00001fda       0x70 src/ASF/common/services/usb/class/cdc/device/udi_cdc.o
                0x00001fda                udi_cdc_comm_enable
 .text.udi_cdc_comm_disable
                0x0000204a        0xc src/ASF/common/services/usb/class/cdc/device/udi_cdc.o
                0x0000204a                udi_cdc_comm_disable
 .text.udi_cdc_data_disable
                0x00002056       0x14 src/ASF/common/services/usb/class/cdc/device/udi_cdc.o
                0x00002056                udi_cdc_data_disable
 .text.udi_cdc_data_setup
                0x0000206a        0x4 src/ASF/common/services/usb/class/cdc/device/udi_cdc.o
                0x0000206a                udi_cdc_data_setup
 .text.udi_cdc_getsetting
                0x0000206e        0x4 src/ASF/common/services/usb/class/cdc/device/udi_cdc.o
                0x0000206e                udi_cdc_getsetting
 .text.udi_cdc_line_coding_received
                0x00002072        0x2 src/ASF/common/services/usb/class/cdc/device/udi_cdc.o
 .text.udi_cdc_tx_send
                0x00002074       0xf6 src/ASF/common/services/usb/class/cdc/device/udi_cdc.o
 .text.udi_cdc_data_sof_notify
                0x0000216a        0x4 src/ASF/common/services/usb/class/cdc/device/udi_cdc.o
                0x0000216a                udi_cdc_data_sof_notify
 .text.udi_cdc_data_sent
                0x0000216e       0x30 src/ASF/common/services/usb/class/cdc/device/udi_cdc.o
 .text.udi_cdc_comm_setup
                0x0000219e       0xb0 src/ASF/common/services/usb/class/cdc/device/udi_cdc.o
                0x0000219e                udi_cdc_comm_setup
 .text.udi_cdc_multi_is_rx_ready
                0x0000224e       0x26 src/ASF/common/services/usb/class/cdc/device/udi_cdc.o
                0x0000224e                udi_cdc_multi_is_rx_ready
 .text.udi_cdc_rx_start
                0x00002274       0x8c src/ASF/common/services/usb/class/cdc/device/udi_cdc.o
 .text.udi_cdc_data_received
                0x00002300       0x5e src/ASF/common/services/usb/class/cdc/device/udi_cdc.o
 .text.udi_cdc_data_enable
                0x0000235e       0x6c src/ASF/common/services/usb/class/cdc/device/udi_cdc.o
                0x0000235e                udi_cdc_data_enable
 .text.udi_cdc_is_rx_ready
                0x000023ca        0x4 src/ASF/common/services/usb/class/cdc/device/udi_cdc.o
                0x000023ca                udi_cdc_is_rx_ready
 .text.udi_cdc_multi_getc
                0x000023ce       0x96 src/ASF/common/services/usb/class/cdc/device/udi_cdc.o
                0x000023ce                udi_cdc_multi_getc
 .text.udi_cdc_getc
                0x00002464        0x4 src/ASF/common/services/usb/class/cdc/device/udi_cdc.o
                0x00002464                udi_cdc_getc
 .text.udi_cdc_multi_is_tx_ready
                0x00002468       0x62 src/ASF/common/services/usb/class/cdc/device/udi_cdc.o
                0x00002468                udi_cdc_multi_is_tx_ready
 .text.udi_cdc_multi_putc
                0x000024ca       0x8e src/ASF/common/services/usb/class/cdc/device/udi_cdc.o
                0x000024ca                udi_cdc_multi_putc
 .text.udi_cdc_putc
                0x00002558        0x6 src/ASF/common/services/usb/class/cdc/device/udi_cdc.o
                0x00002558                udi_cdc_putc
 .text.udc_get_eof_conf
                0x0000255e       0x1c src/ASF/common/services/usb/udc/udc.o
 .text.udc_next_desc_in_iface
                0x0000257a       0x5e src/ASF/common/services/usb/udc/udc.o
 .text.udc_update_iface_desc
                0x000025d8       0x82 src/ASF/common/services/usb/udc/udc.o
 .text.udc_valid_address
                0x0000265a        0xa src/ASF/common/services/usb/udc/udc.o
 .text.udc_iface_enable
                0x00002664       0x6a src/ASF/common/services/usb/udc/udc.o
 .text.udc_iface_disable
                0x000026ce       0x84 src/ASF/common/services/usb/udc/udc.o
 .text.udc_start
                0x00002752        0x6 src/ASF/common/services/usb/udc/udc.o
                0x00002752                udc_start
 .text.udc_reset
                0x00002758       0x4e src/ASF/common/services/usb/udc/udc.o
                0x00002758                udc_reset
 .text.udc_sof_notify
                0x000027a6       0x5e src/ASF/common/services/usb/udc/udc.o
                0x000027a6                udc_sof_notify
 .text.udc_process_setup
                0x00002804      0x4e2 src/ASF/common/services/usb/udc/udc.o
                0x00002804                udc_process_setup
 .text.board_init
                0x00002ce6       0xcc src/ASF/xmega/boards/xmega_a3bu_xplained/init.o
                0x00002ce6                board_init
 .text.adc_set_callback
                0x00002db2       0x28 src/ASF/xmega/drivers/adc/adc.o
                0x00002db2                adc_set_callback
 .text.adc_enable_clock
                0x00002dda       0x40 src/ASF/xmega/drivers/adc/adc.o
                0x00002dda                adc_enable_clock
 .text.adc_disable_clock
                0x00002e1a       0x3c src/ASF/xmega/drivers/adc/adc.o
                0x00002e1a                adc_disable_clock
 .text.adc_enable
                0x00002e56       0x2e src/ASF/xmega/drivers/adc/adc.o
                0x00002e56                adc_enable
 .text.__vector_71
                0x00002e84       0x64 src/ASF/xmega/drivers/adc/xmega_aau/adc_aau.o
                0x00002e84                __vector_71
 .text.__vector_72
                0x00002ee8       0x64 src/ASF/xmega/drivers/adc/xmega_aau/adc_aau.o
                0x00002ee8                __vector_72
 .text.__vector_73
                0x00002f4c       0x64 src/ASF/xmega/drivers/adc/xmega_aau/adc_aau.o
                0x00002f4c                __vector_73
 .text.__vector_74
                0x00002fb0       0x64 src/ASF/xmega/drivers/adc/xmega_aau/adc_aau.o
                0x00002fb0                __vector_74
 .text.__vector_39
                0x00003014       0x64 src/ASF/xmega/drivers/adc/xmega_aau/adc_aau.o
                0x00003014                __vector_39
 .text.__vector_40
                0x00003078       0x64 src/ASF/xmega/drivers/adc/xmega_aau/adc_aau.o
                0x00003078                __vector_40
 .text.__vector_41
                0x000030dc       0x64 src/ASF/xmega/drivers/adc/xmega_aau/adc_aau.o
                0x000030dc                __vector_41
 .text.__vector_42
                0x00003140       0x64 src/ASF/xmega/drivers/adc/xmega_aau/adc_aau.o
                0x00003140                __vector_42
 .text.adc_write_configuration
                0x000031a4       0xa2 src/ASF/xmega/drivers/adc/xmega_aau/adc_aau.o
                0x000031a4                adc_write_configuration
 .text.adc_read_configuration
                0x00003246       0x46 src/ASF/xmega/drivers/adc/xmega_aau/adc_aau.o
                0x00003246                adc_read_configuration
 .text.adcch_write_configuration
                0x0000328c       0x72 src/ASF/xmega/drivers/adc/xmega_aau/adc_aau.o
                0x0000328c                adcch_write_configuration
 .text.adcch_read_configuration
                0x000032fe       0x74 src/ASF/xmega/drivers/adc/xmega_aau/adc_aau.o
                0x000032fe                adcch_read_configuration
 .text.ccp_write_io
                0x00003372        0xc src/ASF/xmega/drivers/cpu/ccp.o
                0x00003372                ccp_write_io
 .text.nvm_eeprom_read_byte
                0x0000337e       0x34 src/ASF/xmega/drivers/nvm/nvm.o
                0x0000337e                nvm_eeprom_read_byte
 .text.nvm_read_byte
                0x000033b2       0x14 src/ASF/xmega/drivers/nvm/nvm_asm.o
                0x000033b2                nvm_read_byte
 .text.rtc_set_time
                0x000033c6       0x20 src/ASF/xmega/drivers/rtc32/rtc32.o
                0x000033c6                rtc_set_time
 .text.rtc_get_time
                0x000033e6       0x2c src/ASF/xmega/drivers/rtc32/rtc32.o
                0x000033e6                rtc_get_time
 .text.rtc_vbat_system_check
                0x00003412       0x4a src/ASF/xmega/drivers/rtc32/rtc32.o
                0x00003412                rtc_vbat_system_check
 .text.rtc_init
                0x0000345c       0x86 src/ASF/xmega/drivers/rtc32/rtc32.o
                0x0000345c                rtc_init
 .text.__vector_11
                0x000034e2       0x6c src/ASF/xmega/drivers/rtc32/rtc32.o
                0x000034e2                __vector_11
 .text.usart_spi_set_baudrate
                0x0000354e       0x68 src/ASF/xmega/drivers/usart/usart.o
                0x0000354e                usart_spi_set_baudrate
 .text.usart_init_spi
                0x000035b6      0x15c src/ASF/xmega/drivers/usart/usart.o
                0x000035b6                usart_init_spi
 .text.udd_sleep_mode
                0x00003712       0x3e src/ASF/xmega/drivers/usb/usb_device.o
 .text.udd_ep_get_ctrl
                0x00003750       0x32 src/ASF/xmega/drivers/usb/usb_device.o
 .text.udd_ep_init
                0x00003782       0x7c src/ASF/xmega/drivers/usb/usb_device.o
 .text.udd_ctrl_init
                0x000037fe       0x56 src/ASF/xmega/drivers/usb/usb_device.o
 .text.udd_ctrl_stall_data
                0x00003854       0x1c src/ASF/xmega/drivers/usb/usb_device.o
 .text.udd_ctrl_send_zlp_in
                0x00003870       0x1c src/ASF/xmega/drivers/usb/usb_device.o
 .text.udd_ctrl_send_zlp_out
                0x0000388c       0x14 src/ASF/xmega/drivers/usb/usb_device.o
 .text.udd_ctrl_endofrequest
                0x000038a0       0x10 src/ASF/xmega/drivers/usb/usb_device.o
 .text.udd_ctrl_in_sent
                0x000038b0       0xd0 src/ASF/xmega/drivers/usb/usb_device.o
 .text.udd_ep_get_size
                0x00003980       0x56 src/ASF/xmega/drivers/usb/usb_device.o
 .text.udd_ep_get_job
                0x000039d6       0x3c src/ASF/xmega/drivers/usb/usb_device.o
 .text.udd_ctrl_interrupt_tc_setup
                0x00003a12       0xdc src/ASF/xmega/drivers/usb/usb_device.o
 .text.udd_ep_trans_complet
                0x00003aee      0x20e src/ASF/xmega/drivers/usb/usb_device.o
 .text.udd_enable
                0x00003cfc       0xe2 src/ASF/xmega/drivers/usb/usb_device.o
                0x00003cfc                udd_enable
 .text.udd_attach
                0x00003dde       0x46 src/ASF/xmega/drivers/usb/usb_device.o
                0x00003dde                udd_attach
 .text.udd_is_high_speed
                0x00003e24        0x4 src/ASF/xmega/drivers/usb/usb_device.o
                0x00003e24                udd_is_high_speed
 .text.udd_set_address
                0x00003e28        0x6 src/ASF/xmega/drivers/usb/usb_device.o
                0x00003e28                udd_set_address
 .text.udd_getaddress
                0x00003e2e        0x6 src/ASF/xmega/drivers/usb/usb_device.o
                0x00003e2e                udd_getaddress
 .text.udd_get_frame_number
                0x00003e34        0xe src/ASF/xmega/drivers/usb/usb_device.o
                0x00003e34                udd_get_frame_number
 .text.udd_get_micro_frame_number
                0x00003e42        0x6 src/ASF/xmega/drivers/usb/usb_device.o
                0x00003e42                udd_get_micro_frame_number
 .text.udd_set_setup_payload
                0x00003e48       0x12 src/ASF/xmega/drivers/usb/usb_device.o
                0x00003e48                udd_set_setup_payload
 .text.udd_ep_alloc
                0x00003e5a       0x52 src/ASF/xmega/drivers/usb/usb_device.o
                0x00003e5a                udd_ep_alloc
 .text.udd_ep_is_halted
                0x00003eac        0xe src/ASF/xmega/drivers/usb/usb_device.o
                0x00003eac                udd_ep_is_halted
 .text.udd_ep_clear_halt
                0x00003eba       0x32 src/ASF/xmega/drivers/usb/usb_device.o
                0x00003eba                udd_ep_clear_halt
 .text.udd_ep_run
                0x00003eec       0xec src/ASF/xmega/drivers/usb/usb_device.o
                0x00003eec                udd_ep_run
 .text.udd_ep_abort
                0x00003fd8       0x4e src/ASF/xmega/drivers/usb/usb_device.o
                0x00003fd8                udd_ep_abort
 .text.udd_ep_set_halt
                0x00004026       0x20 src/ASF/xmega/drivers/usb/usb_device.o
                0x00004026                udd_ep_set_halt
 .text.udd_ep_free
                0x00004046       0x12 src/ASF/xmega/drivers/usb/usb_device.o
                0x00004046                udd_ep_free
 .text.__vector_125
                0x00004058      0x160 src/ASF/xmega/drivers/usb/usb_device.o
                0x00004058                __vector_125
 .text.__vector_126
                0x000041b8      0x1be src/ASF/xmega/drivers/usb/usb_device.o
                0x000041b8                __vector_126
 .text.cdc_start
                0x00004376       0x98 src/cdc.o
                0x00004376                cdc_start
 .text.cdc_set_dtr
                0x0000440e        0x6 src/cdc.o
                0x0000440e                cdc_set_dtr
 .text.cdc_getkey
                0x00004414       0x5a src/cdc.o
                0x00004414                cdc_getkey
 .text.keyboard_get_key_state
                0x0000446e      0x126 src/keyboard.o
                0x0000446e                keyboard_get_key_state
 .text.cdc_putstr
                0x00004594       0x24 src/main.o
 .text.temp_disp_init
                0x000045b8       0xea src/main.o
                0x000045b8                temp_disp_init
 .text.main     0x000046a2      0x1da src/main.o
                0x000046a2                main
 .text.production_date_get_timestamp
                0x0000487c       0x78 src/production_date.o
                0x0000487c                production_date_get_timestamp
 .text.__vector_22
                0x000048f4       0x46 src/qtouch/touch.o
                0x000048f4                __vector_22
 .text.touch_init
                0x0000493a       0x9e src/qtouch/touch.o
                0x0000493a                touch_init
 .text.check_touch_key_pressed
                0x000049d8       0x26 src/qtouch/touch.o
                0x000049d8                check_touch_key_pressed
 .text.tz_index_to_minutes
                0x000049fe       0x1c src/timezone.o
                0x000049fe                tz_index_to_minutes
 .text.timezone_init
                0x00004a1a       0x5e src/timezone.o
                0x00004a1a                timezone_init
 .text.avr-libc.fplib
                0x00004a78        0xa c:/program files (x86)/atmel/atmel toolchain/avr8 gcc/native/3.4.2.1002/avr8-gnu-toolchain/bin/../lib/gcc/avr/4.7.2/../../../../avr/lib/avrxmega6\libm.a(addsf3.o)
                0x00004a78                __subsf3
                0x00004a7a                __addsf3
 .text.avr-libc.fplib
                0x00004a82       0xc0 c:/program files (x86)/atmel/atmel toolchain/avr8 gcc/native/3.4.2.1002/avr8-gnu-toolchain/bin/../lib/gcc/avr/4.7.2/../../../../avr/lib/avrxmega6\libm.a(addsf3x.o)
                0x00004a9c                __addsf3x
 .text.avr-libc.fplib
                0x00004b42        0xa c:/program files (x86)/atmel/atmel toolchain/avr8 gcc/native/3.4.2.1002/avr8-gnu-toolchain/bin/../lib/gcc/avr/4.7.2/../../../../avr/lib/avrxmega6\libm.a(fixsfsi.o)
                0x00004b42                __fixsfsi
 .text.avr-libc.fplib
                0x00004b4c       0x58 c:/program files (x86)/atmel/atmel toolchain/avr8 gcc/native/3.4.2.1002/avr8-gnu-toolchain/bin/../lib/gcc/avr/4.7.2/../../../../avr/lib/avrxmega6\libm.a(fixunssfsi.o)
                0x00004b4c                __fixunssfsi
 .text.avr-libc.fplib
                0x00004ba4       0x7a c:/program files (x86)/atmel/atmel toolchain/avr8 gcc/native/3.4.2.1002/avr8-gnu-toolchain/bin/../lib/gcc/avr/4.7.2/../../../../avr/lib/avrxmega6\libm.a(floatsisf.o)
                0x00004ba4                __floatunsisf
                0x00004ba8                __floatsisf
 .text.avr-libc.fplib
                0x00004c1e        0xc c:/program files (x86)/atmel/atmel toolchain/avr8 gcc/native/3.4.2.1002/avr8-gnu-toolchain/bin/../lib/gcc/avr/4.7.2/../../../../avr/lib/avrxmega6\libm.a(fp_inf.o)
                0x00004c1e                __fp_inf
 .text.avr-libc.fplib
                0x00004c2a        0x6 c:/program files (x86)/atmel/atmel toolchain/avr8 gcc/native/3.4.2.1002/avr8-gnu-toolchain/bin/../lib/gcc/avr/4.7.2/../../../../avr/lib/avrxmega6\libm.a(fp_nan.o)
                0x00004c2a                __fp_nan
 .text.avr-libc.fplib
                0x00004c30        0xe c:/program files (x86)/atmel/atmel toolchain/avr8 gcc/native/3.4.2.1002/avr8-gnu-toolchain/bin/../lib/gcc/avr/4.7.2/../../../../avr/lib/avrxmega6\libm.a(fp_pscA.o)
                0x00004c30                __fp_pscA
 .text.avr-libc.fplib
                0x00004c3e        0xe c:/program files (x86)/atmel/atmel toolchain/avr8 gcc/native/3.4.2.1002/avr8-gnu-toolchain/bin/../lib/gcc/avr/4.7.2/../../../../avr/lib/avrxmega6\libm.a(fp_pscB.o)
                0x00004c3e                __fp_pscB
 .text.avr-libc.fplib
                0x00004c4c       0x22 c:/program files (x86)/atmel/atmel toolchain/avr8 gcc/native/3.4.2.1002/avr8-gnu-toolchain/bin/../lib/gcc/avr/4.7.2/../../../../avr/lib/avrxmega6\libm.a(fp_round.o)
                0x00004c4c                __fp_round
 .text.avr-libc.fplib
                0x00004c6e       0x44 c:/program files (x86)/atmel/atmel toolchain/avr8 gcc/native/3.4.2.1002/avr8-gnu-toolchain/bin/../lib/gcc/avr/4.7.2/../../../../avr/lib/avrxmega6\libm.a(fp_split3.o)
                0x00004c6e                __fp_split3
                0x00004c7e                __fp_splitA
 .text.avr-libc.fplib
                0x00004cb2        0xe c:/program files (x86)/atmel/atmel toolchain/avr8 gcc/native/3.4.2.1002/avr8-gnu-toolchain/bin/../lib/gcc/avr/4.7.2/../../../../avr/lib/avrxmega6\libm.a(fp_zero.o)
                0x00004cb2                __fp_zero
                0x00004cb4                __fp_szero
 .text.avr-libc.fplib
                0x00004cc0        0x4 c:/program files (x86)/atmel/atmel toolchain/avr8 gcc/native/3.4.2.1002/avr8-gnu-toolchain/bin/../lib/gcc/avr/4.7.2/../../../../avr/lib/avrxmega6\libm.a(mulsf3.o)
                0x00004cc0                __mulsf3
 .text.avr-libc.fplib
                0x00004cc4       0xc2 c:/program files (x86)/atmel/atmel toolchain/avr8 gcc/native/3.4.2.1002/avr8-gnu-toolchain/bin/../lib/gcc/avr/4.7.2/../../../../avr/lib/avrxmega6\libm.a(mulsf3x.o)
                0x00004cd8                __mulsf3x
                0x00004cdc                __mulsf3_pse
 .text.libgcc.div
                0x00004d86       0x28 c:/program files (x86)/atmel/atmel toolchain/avr8 gcc/native/3.4.2.1002/avr8-gnu-toolchain/bin/../lib/gcc/avr/4.7.2/avrxmega6\libgcc.a(_udivmodhi4.o)
                0x00004d86                __udivmodhi4
 .text.libgcc.div
                0x00004dae       0x44 c:/program files (x86)/atmel/atmel toolchain/avr8 gcc/native/3.4.2.1002/avr8-gnu-toolchain/bin/../lib/gcc/avr/4.7.2/avrxmega6\libgcc.a(_udivmodsi4.o)
                0x00004dae                __udivmodsi4
 .text.libgcc.prologue
                0x00004df2       0x32 c:/program files (x86)/atmel/atmel toolchain/avr8 gcc/native/3.4.2.1002/avr8-gnu-toolchain/bin/../lib/gcc/avr/4.7.2/avrxmega6\libgcc.a(_prologue.o)
                0x00004df2                __prologue_saves__
 .text.libgcc.prologue
                0x00004e24       0x30 c:/program files (x86)/atmel/atmel toolchain/avr8 gcc/native/3.4.2.1002/avr8-gnu-toolchain/bin/../lib/gcc/avr/4.7.2/avrxmega6\libgcc.a(_epilogue.o)
                0x00004e24                __epilogue_restores__
 .text.avr-libc
                0x00004e54       0x38 c:/program files (x86)/atmel/atmel toolchain/avr8 gcc/native/3.4.2.1002/avr8-gnu-toolchain/bin/../lib/gcc/avr/4.7.2/../../../../avr/lib/avrxmega6\libc.a(calloc.o)
                0x00004e54                calloc
 .text.avr-libc
                0x00004e8c      0x274 c:/program files (x86)/atmel/atmel toolchain/avr8 gcc/native/3.4.2.1002/avr8-gnu-toolchain/bin/../lib/gcc/avr/4.7.2/../../../../avr/lib/avrxmega6\libc.a(malloc.o)
                0x00004e8c                malloc
                0x00004fc2                free
 .text.avr-libc
                0x00005100       0x12 c:/program files (x86)/atmel/atmel toolchain/avr8 gcc/native/3.4.2.1002/avr8-gnu-toolchain/bin/../lib/gcc/avr/4.7.2/../../../../avr/lib/avrxmega6\libc.a(memcpy.o)
                0x00005100                memcpy
 .text.avr-libc
                0x00005112        0xe c:/program files (x86)/atmel/atmel toolchain/avr8 gcc/native/3.4.2.1002/avr8-gnu-toolchain/bin/../lib/gcc/avr/4.7.2/../../../../avr/lib/avrxmega6\libc.a(memset.o)
                0x00005112                memset
 .text.avr-libc
                0x00005120       0x3e c:/program files (x86)/atmel/atmel toolchain/avr8 gcc/native/3.4.2.1002/avr8-gnu-toolchain/bin/../lib/gcc/avr/4.7.2/../../../../avr/lib/avrxmega6\libc.a(itoa.o)
                0x00005120                itoa
 .text.avr-libc
                0x0000515e       0x6c c:/program files (x86)/atmel/atmel toolchain/avr8 gcc/native/3.4.2.1002/avr8-gnu-toolchain/bin/../lib/gcc/avr/4.7.2/../../../../avr/lib/avrxmega6\libc.a(snprintf.o)
                0x0000515e                snprintf
 .text.avr-libc
                0x000051ca       0x50 c:/program files (x86)/atmel/atmel toolchain/avr8 gcc/native/3.4.2.1002/avr8-gnu-toolchain/bin/../lib/gcc/avr/4.7.2/../../../../avr/lib/avrxmega6\libc.a(sprintf.o)
                0x000051ca                sprintf
 .text.avr-libc
                0x0000521a      0x3e4 c:/program files (x86)/atmel/atmel toolchain/avr8 gcc/native/3.4.2.1002/avr8-gnu-toolchain/bin/../lib/gcc/avr/4.7.2/../../../../avr/lib/avrxmega6\libc.a(vfprintf_std.o)
                0x0000521a                vfprintf
 .text.avr-libc
                0x000055fe       0x16 c:/program files (x86)/atmel/atmel toolchain/avr8 gcc/native/3.4.2.1002/avr8-gnu-toolchain/bin/../lib/gcc/avr/4.7.2/../../../../avr/lib/avrxmega6\libc.a(strnlen_P.o)
                0x000055fe                strnlen_P
 .text.avr-libc
                0x00005614       0x16 c:/program files (x86)/atmel/atmel toolchain/avr8 gcc/native/3.4.2.1002/avr8-gnu-toolchain/bin/../lib/gcc/avr/4.7.2/../../../../avr/lib/avrxmega6\libc.a(strnlen.o)
                0x00005614                strnlen
 .text.avr-libc
                0x0000562a       0x20 c:/program files (x86)/atmel/atmel toolchain/avr8 gcc/native/3.4.2.1002/avr8-gnu-toolchain/bin/../lib/gcc/avr/4.7.2/../../../../avr/lib/avrxmega6\libc.a(strrev.o)
                0x0000562a                strrev
 .text.avr-libc
                0x0000564a       0x58 c:/program files (x86)/atmel/atmel toolchain/avr8 gcc/native/3.4.2.1002/avr8-gnu-toolchain/bin/../lib/gcc/avr/4.7.2/../../../../avr/lib/avrxmega6\libc.a(fputc.o)
                0x0000564a                fputc
 .text.avr-libc
                0x000056a2       0xbc c:/program files (x86)/atmel/atmel toolchain/avr8 gcc/native/3.4.2.1002/avr8-gnu-toolchain/bin/../lib/gcc/avr/4.7.2/../../../../avr/lib/avrxmega6\libc.a(ultoa_invert.o)
                0x000056a2                __ultoa_invert
                0x0000575e                . = ALIGN (0x2)
 *(.fini9)
 .fini9         0x0000575e        0x0 c:/program files (x86)/atmel/atmel toolchain/avr8 gcc/native/3.4.2.1002/avr8-gnu-toolchain/bin/../lib/gcc/avr/4.7.2/avrxmega6\libgcc.a(_exit.o)
                0x0000575e                _exit
                0x0000575e                exit
 *(.fini9)
 *(.fini8)
 *(.fini8)
 *(.fini7)
 *(.fini7)
 *(.fini6)
 *(.fini6)
 *(.fini5)
 *(.fini5)
 *(.fini4)
 *(.fini4)
 *(.fini3)
 *(.fini3)
 *(.fini2)
 *(.fini2)
 *(.fini1)
 *(.fini1)
 *(.fini0)
 .fini0         0x0000575e        0x4 c:/program files (x86)/atmel/atmel toolchain/avr8 gcc/native/3.4.2.1002/avr8-gnu-toolchain/bin/../lib/gcc/avr/4.7.2/avrxmega6\libgcc.a(_exit.o)
 *(.fini0)
                0x00005762                _etext = .

.data           0x00802000      0x15e load address 0x00005762
                0x00802000                PROVIDE (__data_start, .)
 *(.data)
 .data          0x00802000        0x0 c:/program files (x86)/atmel/atmel toolchain/avr8 gcc/native/3.4.2.1002/avr8-gnu-toolchain/bin/../lib/gcc/avr/4.7.2/../../../../avr/lib/avrxmega6/crtx256a3bu.o
 .data          0x00802000        0x0 src/adc_sensors.o
 .data          0x00802000        0x0 src/ASF/common/components/display/st7565r/st7565r.o
 .data          0x00802000        0x0 src/ASF/common/services/calendar/calendar.o
 .data          0x00802000        0x0 src/ASF/common/services/clock/xmega/sysclk.o
 .data          0x00802000        0x0 src/ASF/common/services/gfx_mono/gfx_mono_c12832_a1z.o
 .data          0x00802000        0x0 src/ASF/common/services/gfx_mono/gfx_mono_framebuffer.o
 .data          0x00802000        0x0 src/ASF/common/services/gfx_mono/gfx_mono_generic.o
 .data          0x00802000        0x0 src/ASF/common/services/gfx_mono/gfx_mono_menu.o
 .data          0x00802000        0x0 src/ASF/common/services/gfx_mono/gfx_mono_spinctrl.o
 .data          0x00802000        0x0 src/ASF/common/services/gfx_mono/gfx_mono_text.o
 .data          0x00802000        0x0 src/ASF/common/services/gfx_mono/sysfont.o
 .data          0x00802000        0x0 src/ASF/common/services/ioport/xmega/ioport_compat.o
 .data          0x00802000        0x0 src/ASF/common/services/sleepmgr/xmega/sleepmgr.o
 .data          0x00802000        0x0 src/ASF/common/services/spi/xmega_usart_spi/usart_spi.o
 .data          0x00802000        0x0 src/ASF/common/services/usb/class/cdc/device/udi_cdc.o
 .data          0x00802000        0x0 src/ASF/common/services/usb/class/cdc/device/udi_cdc_desc.o
 .data          0x00802000        0x0 src/ASF/common/services/usb/udc/udc.o
 .data          0x00802000        0x0 src/ASF/xmega/boards/xmega_a3bu_xplained/init.o
 .data          0x00802000        0x0 src/ASF/xmega/drivers/adc/adc.o
 .data          0x00802000        0x0 src/ASF/xmega/drivers/adc/xmega_aau/adc_aau.o
 .data          0x00802000        0x0 src/ASF/xmega/drivers/cpu/ccp.o
 .data          0x00802000        0x0 src/ASF/xmega/drivers/nvm/nvm.o
 .data          0x00802000        0x0 src/ASF/xmega/drivers/nvm/nvm_asm.o
 .data          0x00802000        0x0 src/ASF/xmega/drivers/rtc32/rtc32.o
 .data          0x00802000        0x0 src/ASF/xmega/drivers/usart/usart.o
 .data          0x00802000        0x0 src/ASF/xmega/drivers/usb/usb_device.o
 .data          0x00802000        0x0 src/bitmaps.o
 .data          0x00802000        0x0 src/cdc.o
 .data          0x00802000        0x0 src/date_time.o
 .data          0x00802000        0x0 src/keyboard.o
 .data          0x00802000        0x0 src/lightsensor.o
 .data          0x00802000        0x0 src/main.o
 .data          0x00802000        0x0 src/ntc_sensor.o
 .data          0x00802000        0x0 src/production_date.o
 .data          0x00802000        0x0 src/qtouch/qt_asm_xmega.o
 .data          0x00802000        0x0 src/qtouch/touch.o
 .data          0x00802000        0x0 src/timezone.o
 .data          0x00802000        0x0 ../src/qtouch\libavrxmega6g1-4qt-k-0rs.a(burst_1_1_10_0.o)
 .data          0x00802000        0x1 ../src/qtouch\libavrxmega6g1-4qt-k-0rs.a(touch_api.o)
                0x00802000                freq_shift
 .data          0x00802001        0x0 ../src/qtouch\libavrxmega6g1-4qt-k-0rs.a(touch_process.o)
 .data          0x00802001        0x0 ../src/qtouch\libavrxmega6g1-4qt-k-0rs.a(touch_burst_qt.o)
 .data          0x00802001        0x0 c:/program files (x86)/atmel/atmel toolchain/avr8 gcc/native/3.4.2.1002/avr8-gnu-toolchain/bin/../lib/gcc/avr/4.7.2/../../../../avr/lib/avrxmega6\libm.a(addsf3.o)
 .data          0x00802001        0x0 c:/program files (x86)/atmel/atmel toolchain/avr8 gcc/native/3.4.2.1002/avr8-gnu-toolchain/bin/../lib/gcc/avr/4.7.2/../../../../avr/lib/avrxmega6\libm.a(addsf3x.o)
 .data          0x00802001        0x0 c:/program files (x86)/atmel/atmel toolchain/avr8 gcc/native/3.4.2.1002/avr8-gnu-toolchain/bin/../lib/gcc/avr/4.7.2/../../../../avr/lib/avrxmega6\libm.a(fixsfsi.o)
 .data          0x00802001        0x0 c:/program files (x86)/atmel/atmel toolchain/avr8 gcc/native/3.4.2.1002/avr8-gnu-toolchain/bin/../lib/gcc/avr/4.7.2/../../../../avr/lib/avrxmega6\libm.a(fixunssfsi.o)
 .data          0x00802001        0x0 c:/program files (x86)/atmel/atmel toolchain/avr8 gcc/native/3.4.2.1002/avr8-gnu-toolchain/bin/../lib/gcc/avr/4.7.2/../../../../avr/lib/avrxmega6\libm.a(floatsisf.o)
 .data          0x00802001        0x0 c:/program files (x86)/atmel/atmel toolchain/avr8 gcc/native/3.4.2.1002/avr8-gnu-toolchain/bin/../lib/gcc/avr/4.7.2/../../../../avr/lib/avrxmega6\libm.a(fp_inf.o)
 .data          0x00802001        0x0 c:/program files (x86)/atmel/atmel toolchain/avr8 gcc/native/3.4.2.1002/avr8-gnu-toolchain/bin/../lib/gcc/avr/4.7.2/../../../../avr/lib/avrxmega6\libm.a(fp_nan.o)
 .data          0x00802001        0x0 c:/program files (x86)/atmel/atmel toolchain/avr8 gcc/native/3.4.2.1002/avr8-gnu-toolchain/bin/../lib/gcc/avr/4.7.2/../../../../avr/lib/avrxmega6\libm.a(fp_pscA.o)
 .data          0x00802001        0x0 c:/program files (x86)/atmel/atmel toolchain/avr8 gcc/native/3.4.2.1002/avr8-gnu-toolchain/bin/../lib/gcc/avr/4.7.2/../../../../avr/lib/avrxmega6\libm.a(fp_pscB.o)
 .data          0x00802001        0x0 c:/program files (x86)/atmel/atmel toolchain/avr8 gcc/native/3.4.2.1002/avr8-gnu-toolchain/bin/../lib/gcc/avr/4.7.2/../../../../avr/lib/avrxmega6\libm.a(fp_round.o)
 .data          0x00802001        0x0 c:/program files (x86)/atmel/atmel toolchain/avr8 gcc/native/3.4.2.1002/avr8-gnu-toolchain/bin/../lib/gcc/avr/4.7.2/../../../../avr/lib/avrxmega6\libm.a(fp_split3.o)
 .data          0x00802001        0x0 c:/program files (x86)/atmel/atmel toolchain/avr8 gcc/native/3.4.2.1002/avr8-gnu-toolchain/bin/../lib/gcc/avr/4.7.2/../../../../avr/lib/avrxmega6\libm.a(fp_zero.o)
 .data          0x00802001        0x0 c:/program files (x86)/atmel/atmel toolchain/avr8 gcc/native/3.4.2.1002/avr8-gnu-toolchain/bin/../lib/gcc/avr/4.7.2/../../../../avr/lib/avrxmega6\libm.a(mulsf3.o)
 .data          0x00802001        0x0 c:/program files (x86)/atmel/atmel toolchain/avr8 gcc/native/3.4.2.1002/avr8-gnu-toolchain/bin/../lib/gcc/avr/4.7.2/../../../../avr/lib/avrxmega6\libm.a(mulsf3x.o)
 .data          0x00802001        0x0 c:/program files (x86)/atmel/atmel toolchain/avr8 gcc/native/3.4.2.1002/avr8-gnu-toolchain/bin/../lib/gcc/avr/4.7.2/avrxmega6\libgcc.a(_udivmodhi4.o)
 .data          0x00802001        0x0 c:/program files (x86)/atmel/atmel toolchain/avr8 gcc/native/3.4.2.1002/avr8-gnu-toolchain/bin/../lib/gcc/avr/4.7.2/avrxmega6\libgcc.a(_udivmodsi4.o)
 .data          0x00802001        0x0 c:/program files (x86)/atmel/atmel toolchain/avr8 gcc/native/3.4.2.1002/avr8-gnu-toolchain/bin/../lib/gcc/avr/4.7.2/avrxmega6\libgcc.a(_exit.o)
 .data          0x00802001        0x0 c:/program files (x86)/atmel/atmel toolchain/avr8 gcc/native/3.4.2.1002/avr8-gnu-toolchain/bin/../lib/gcc/avr/4.7.2/avrxmega6\libgcc.a(_copy_data.o)
 .data          0x00802001        0x0 c:/program files (x86)/atmel/atmel toolchain/avr8 gcc/native/3.4.2.1002/avr8-gnu-toolchain/bin/../lib/gcc/avr/4.7.2/avrxmega6\libgcc.a(_clear_bss.o)
 .data          0x00802001        0x0 c:/program files (x86)/atmel/atmel toolchain/avr8 gcc/native/3.4.2.1002/avr8-gnu-toolchain/bin/../lib/gcc/avr/4.7.2/avrxmega6\libgcc.a(_umulhisi3.o)
 .data          0x00802001        0x0 c:/program files (x86)/atmel/atmel toolchain/avr8 gcc/native/3.4.2.1002/avr8-gnu-toolchain/bin/../lib/gcc/avr/4.7.2/avrxmega6\libgcc.a(_usmulhisi3.o)
 .data          0x00802001        0x0 c:/program files (x86)/atmel/atmel toolchain/avr8 gcc/native/3.4.2.1002/avr8-gnu-toolchain/bin/../lib/gcc/avr/4.7.2/avrxmega6\libgcc.a(_muluhisi3.o)
 .data          0x00802001        0x0 c:/program files (x86)/atmel/atmel toolchain/avr8 gcc/native/3.4.2.1002/avr8-gnu-toolchain/bin/../lib/gcc/avr/4.7.2/avrxmega6\libgcc.a(_prologue.o)
 .data          0x00802001        0x0 c:/program files (x86)/atmel/atmel toolchain/avr8 gcc/native/3.4.2.1002/avr8-gnu-toolchain/bin/../lib/gcc/avr/4.7.2/avrxmega6\libgcc.a(_epilogue.o)
 .data          0x00802001        0x0 c:/program files (x86)/atmel/atmel toolchain/avr8 gcc/native/3.4.2.1002/avr8-gnu-toolchain/bin/../lib/gcc/avr/4.7.2/../../../../avr/lib/avrxmega6\libc.a(calloc.o)
 .data          0x00802001        0x6 c:/program files (x86)/atmel/atmel toolchain/avr8 gcc/native/3.4.2.1002/avr8-gnu-toolchain/bin/../lib/gcc/avr/4.7.2/../../../../avr/lib/avrxmega6\libc.a(malloc.o)
                0x00802001                __malloc_heap_end
                0x00802003                __malloc_heap_start
                0x00802005                __malloc_margin
 .data          0x00802007        0x0 c:/program files (x86)/atmel/atmel toolchain/avr8 gcc/native/3.4.2.1002/avr8-gnu-toolchain/bin/../lib/gcc/avr/4.7.2/../../../../avr/lib/avrxmega6\libc.a(abort.o)
 .data          0x00802007        0x0 c:/program files (x86)/atmel/atmel toolchain/avr8 gcc/native/3.4.2.1002/avr8-gnu-toolchain/bin/../lib/gcc/avr/4.7.2/../../../../avr/lib/avrxmega6\libc.a(memcpy.o)
 .data          0x00802007        0x0 c:/program files (x86)/atmel/atmel toolchain/avr8 gcc/native/3.4.2.1002/avr8-gnu-toolchain/bin/../lib/gcc/avr/4.7.2/../../../../avr/lib/avrxmega6\libc.a(memset.o)
 .data          0x00802007        0x0 c:/program files (x86)/atmel/atmel toolchain/avr8 gcc/native/3.4.2.1002/avr8-gnu-toolchain/bin/../lib/gcc/avr/4.7.2/../../../../avr/lib/avrxmega6\libc.a(itoa.o)
 .data          0x00802007        0x0 c:/program files (x86)/atmel/atmel toolchain/avr8 gcc/native/3.4.2.1002/avr8-gnu-toolchain/bin/../lib/gcc/avr/4.7.2/../../../../avr/lib/avrxmega6\libc.a(snprintf.o)
 .data          0x00802007        0x0 c:/program files (x86)/atmel/atmel toolchain/avr8 gcc/native/3.4.2.1002/avr8-gnu-toolchain/bin/../lib/gcc/avr/4.7.2/../../../../avr/lib/avrxmega6\libc.a(sprintf.o)
 .data          0x00802007        0x0 c:/program files (x86)/atmel/atmel toolchain/avr8 gcc/native/3.4.2.1002/avr8-gnu-toolchain/bin/../lib/gcc/avr/4.7.2/../../../../avr/lib/avrxmega6\libc.a(vfprintf_std.o)
 .data          0x00802007        0x0 c:/program files (x86)/atmel/atmel toolchain/avr8 gcc/native/3.4.2.1002/avr8-gnu-toolchain/bin/../lib/gcc/avr/4.7.2/../../../../avr/lib/avrxmega6\libc.a(strnlen_P.o)
 .data          0x00802007        0x0 c:/program files (x86)/atmel/atmel toolchain/avr8 gcc/native/3.4.2.1002/avr8-gnu-toolchain/bin/../lib/gcc/avr/4.7.2/../../../../avr/lib/avrxmega6\libc.a(strnlen.o)
 .data          0x00802007        0x0 c:/program files (x86)/atmel/atmel toolchain/avr8 gcc/native/3.4.2.1002/avr8-gnu-toolchain/bin/../lib/gcc/avr/4.7.2/../../../../avr/lib/avrxmega6\libc.a(strrev.o)
 .data          0x00802007        0x0 c:/program files (x86)/atmel/atmel toolchain/avr8 gcc/native/3.4.2.1002/avr8-gnu-toolchain/bin/../lib/gcc/avr/4.7.2/../../../../avr/lib/avrxmega6\libc.a(fputc.o)
 .data          0x00802007        0x0 c:/program files (x86)/atmel/atmel toolchain/avr8 gcc/native/3.4.2.1002/avr8-gnu-toolchain/bin/../lib/gcc/avr/4.7.2/../../../../avr/lib/avrxmega6\libc.a(ultoa_invert.o)
 *(.data*)
 .data.sysfont  0x00802007        0x7 src/ASF/common/services/gfx_mono/sysfont.o
                0x00802007                sysfont
 .data.udi_api_cdc_data
                0x0080200e        0xa src/ASF/common/services/usb/class/cdc/device/udi_cdc.o
                0x0080200e                udi_api_cdc_data
 .data.udi_api_cdc_comm
                0x00802018        0xa src/ASF/common/services/usb/class/cdc/device/udi_cdc.o
                0x00802018                udi_api_cdc_comm
 .data.udc_config
                0x00802022        0x4 src/ASF/common/services/usb/class/cdc/device/udi_cdc_desc.o
                0x00802022                udc_config
 .data.udc_config_fs
                0x00802026        0x4 src/ASF/common/services/usb/class/cdc/device/udi_cdc_desc.o
                0x00802026                udc_config_fs
 .data.udi_apis
                0x0080202a        0x4 src/ASF/common/services/usb/class/cdc/device/udi_cdc_desc.o
                0x0080202a                udi_apis
 .data.udc_desc_fs
                0x0080202e       0x44 src/ASF/common/services/usb/class/cdc/device/udi_cdc_desc.o
                0x0080202e                udc_desc_fs
 .data.udc_device_desc
                0x00802072       0x12 src/ASF/common/services/usb/class/cdc/device/udi_cdc_desc.o
                0x00802072                udc_device_desc
 .data.udc_string_desc_languageid
                0x00802084        0x4 src/ASF/common/services/usb/udc/udc.o
 .data.udc_string_manufacturer_name
                0x00802088        0xa src/ASF/common/services/usb/udc/udc.o
 .data.udc_string_product_name
                0x00802092       0x10 src/ASF/common/services/usb/udc/udc.o
 .data.udc_string_desc
                0x008020a2       0x20 src/ASF/common/services/usb/udc/udc.o
 .data.tempscale_img
                0x008020c2       0x18 src/main.o
                0x008020c2                tempscale_img
 .data.qt_measurement_period_msec
                0x008020da        0x2 src/qtouch/touch.o
                0x008020da                qt_measurement_period_msec
 .data.tz_minutes_menu
                0x008020dc        0x7 src/timezone.o
                0x008020dc                tz_minutes_menu
 .data.tz_minutes_strings
                0x008020e3        0x8 src/timezone.o
                0x008020e3                tz_minutes_strings
 .data.tz_hours_menu
                0x008020eb        0x7 src/timezone.o
                0x008020eb                tz_hours_menu
 .data.tz_hours_strings
                0x008020f2       0x32 src/timezone.o
                0x008020f2                tz_hours_strings
 *(.rodata)
 .rodata        0x00802124       0x11 src/cdc.o
 *(.rodata*)
 .rodata.str1.1
                0x00802135       0x29 src/main.o
 *(.gnu.linkonce.d*)
                0x0080215e                . = ALIGN (0x2)
                0x0080215e                _edata = .
                0x0080215e                PROVIDE (__data_end, .)

.bss            0x00802160      0x8ff
                0x00802160                PROVIDE (__bss_start, .)
 *(.bss)
 .bss           0x00802160        0x2 ../src/qtouch\libavrxmega6g1-4qt-k-0rs.a(burst_1_1_10_0.o)
 .bss           0x00802162       0x22 ../src/qtouch\libavrxmega6g1-4qt-k-0rs.a(touch_api.o)
                0x00802162                burst_proc
                0x00802164                qt_config_data
                0x0080216b                qt_measure_data
                0x0080217c                lib_status_flags
                0x0080217e                qt_filter_callback
 .bss           0x00802184       0x1e ../src/qtouch\libavrxmega6g1-4qt-k-0rs.a(touch_process.o)
                0x00802184                sensors
                0x0080219c                num_sensors
                0x0080219d                dht_counter
 .bss           0x008021a2        0x8 ../src/qtouch\libavrxmega6g1-4qt-k-0rs.a(touch_burst_qt.o)
                0x008021a2                SNS_array
                0x008021a6                SNSK_array
 *(.bss*)
 .bss.light_sensor_sample
                0x008021aa        0x2 src/adc_sensors.o
                0x008021aa                light_sensor_sample
 .bss.ntc_sensor_sample
                0x008021ac        0x2 src/adc_sensors.o
                0x008021ac                ntc_sensor_sample
 .bss.light_sensor_data_ready
                0x008021ae        0x1 src/adc_sensors.o
                0x008021ae                light_sensor_data_ready
 .bss.ntc_sensor_data_ready
                0x008021af        0x1 src/adc_sensors.o
                0x008021af                ntc_sensor_data_ready
 .bss.light_sensor_samples.4721
                0x008021b0        0x1 src/adc_sensors.o
 .bss.ntc_sensor_samples.4722
                0x008021b1        0x1 src/adc_sensors.o
 .bss.framebuffer
                0x008021b2      0x200 src/ASF/common/services/gfx_mono/gfx_mono_c12832_a1z.o
 .bss.fbpointer
                0x008023b2        0x2 src/ASF/common/services/gfx_mono/gfx_mono_framebuffer.o
 .bss.udi_cdc_tx_both_buf_to_send
                0x008023b4        0x1 src/ASF/common/services/usb/class/cdc/device/udi_cdc.o
 .bss.udi_cdc_tx_trans_ongoing
                0x008023b5        0x1 src/ASF/common/services/usb/class/cdc/device/udi_cdc.o
 .bss.udi_cdc_tx_buf_sel
                0x008023b6        0x1 src/ASF/common/services/usb/class/cdc/device/udi_cdc.o
 .bss.udi_cdc_rx_trans_ongoing
                0x008023b7        0x1 src/ASF/common/services/usb/class/cdc/device/udi_cdc.o
 .bss.udi_cdc_rx_pos
                0x008023b8        0x2 src/ASF/common/services/usb/class/cdc/device/udi_cdc.o
 .bss.udi_cdc_rx_buf_sel
                0x008023ba        0x1 src/ASF/common/services/usb/class/cdc/device/udi_cdc.o
 .bss.udi_cdc_data_running
                0x008023bb        0x1 src/ASF/common/services/usb/class/cdc/device/udi_cdc.o
 .bss.udi_cdc_nb_data_enabled
                0x008023bc        0x1 src/ASF/common/services/usb/class/cdc/device/udi_cdc.o
 .bss.udi_cdc_nb_comm_enabled
                0x008023bd        0x1 src/ASF/common/services/usb/class/cdc/device/udi_cdc.o
 .bss.udi_cdc_state
                0x008023be        0x2 src/ASF/common/services/usb/class/cdc/device/udi_cdc.o
 .bss.uid_cdc_state_msg
                0x008023c0        0xa src/ASF/common/services/usb/class/cdc/device/udi_cdc.o
 .bss.udi_cdc_line_coding
                0x008023ca        0x7 src/ASF/common/services/usb/class/cdc/device/udi_cdc.o
 .bss.udi_cdc_tx_buf_nb
                0x008023d1        0x4 src/ASF/common/services/usb/class/cdc/device/udi_cdc.o
 .bss.udi_cdc_tx_sof_num
                0x008023d5        0x2 src/ASF/common/services/usb/class/cdc/device/udi_cdc.o
 .bss.udi_cdc_rx_buf_nb
                0x008023d7        0x4 src/ASF/common/services/usb/class/cdc/device/udi_cdc.o
 *fill*         0x008023db        0x1 
 .bss.udi_cdc_tx_buf
                0x008023dc      0x280 src/ASF/common/services/usb/class/cdc/device/udi_cdc.o
 .bss.udi_cdc_rx_buf
                0x0080265c      0x280 src/ASF/common/services/usb/class/cdc/device/udi_cdc.o
 .bss.udc_ptr_iface
                0x008028dc        0x2 src/ASF/common/services/usb/udc/udc.o
 .bss.udc_num_configuration
                0x008028de        0x1 src/ASF/common/services/usb/udc/udc.o
 .bss.udc_ptr_conf
                0x008028df        0x2 src/ASF/common/services/usb/udc/udc.o
 .bss.udc_device_status
                0x008028e1        0x2 src/ASF/common/services/usb/udc/udc.o
 .bss.udc_iface_setting.4784
                0x008028e3        0x1 src/ASF/common/services/usb/udc/udc.o
 .bss.udc_ep_status.4725
                0x008028e4        0x2 src/ASF/common/services/usb/udc/udc.o
 .bss.adca_enable_count
                0x008028e6        0x1 src/ASF/xmega/drivers/adc/adc.o
 .bss.adcb_enable_count
                0x008028e7        0x1 src/ASF/xmega/drivers/adc/adc.o
 .bss.udd_sram  0x008028e8       0x40 src/ASF/xmega/drivers/usb/usb_device.o
 .bss.udd_ep_job
                0x00802928       0x24 src/ASF/xmega/drivers/usb/usb_device.o
 .bss.udd_b_idle
                0x0080294c        0x1 src/ASF/xmega/drivers/usb/usb_device.o
 .bss.udd_ep_out_cache_buffer
                0x0080294d       0x80 src/ASF/xmega/drivers/usb/usb_device.o
 .bss.udd_ctrl_buffer
                0x008029cd       0x40 src/ASF/xmega/drivers/usb/usb_device.o
 .bss.udd_ep_control_state
                0x00802a0d        0x1 src/ASF/xmega/drivers/usb/usb_device.o
 .bss.udd_ctrl_prev_payload_nb_trans
                0x00802a0e        0x2 src/ASF/xmega/drivers/usb/usb_device.o
 .bss.udd_ctrl_payload_nb_trans
                0x00802a10        0x2 src/ASF/xmega/drivers/usb/usb_device.o
 .bss.b_shortpacket.5446
                0x00802a12        0x1 src/ASF/xmega/drivers/usb/usb_device.o
 .bss.cdc_opened
                0x00802a13        0x1 src/cdc.o
                0x00802a13                cdc_opened
 .bss.esc_state.4875
                0x00802a14        0x1 src/cdc.o
 .bss.key_state.4768
                0x00802a15        0x1 src/keyboard.o
 .bss.current_time_ms_touch
                0x00802a16        0x2 src/qtouch/touch.o
 .bss.time_to_measure_touch
                0x00802a18        0x1 src/qtouch/touch.o
 .bss.tz_hours  0x00802a19        0x1 src/timezone.o
 .bss.tz_minutes
                0x00802a1a        0x1 src/timezone.o
 *(COMMON)
 COMMON         0x00802a1b        0x6 src/ASF/common/services/sleepmgr/xmega/sleepmgr.o
                0x00802a1b                sleepmgr_locks
 COMMON         0x00802a21        0x4 src/ASF/xmega/drivers/adc/adc.o
                0x00802a21                adcb_callback
                0x00802a23                adca_callback
 COMMON         0x00802a25        0x2 src/ASF/xmega/drivers/rtc32/rtc32.o
                0x00802a25                rtc_data
 COMMON         0x00802a27       0x10 src/ASF/xmega/drivers/usb/usb_device.o
                0x00802a27                udd_g_ctrlreq
 COMMON         0x00802a37        0xd src/cdc.o
                0x00802a37                cdc_serial_number
 COMMON         0x00802a44       0x17 src/main.o
                0x00802a44                temperature
                0x00802a46                temp_scale
                0x00802a47                tempscale
                0x00802a4c                temperature_string
 COMMON         0x00802a5b        0x4 c:/program files (x86)/atmel/atmel toolchain/avr8 gcc/native/3.4.2.1002/avr8-gnu-toolchain/bin/../lib/gcc/avr/4.7.2/../../../../avr/lib/avrxmega6\libc.a(malloc.o)
                0x00802a5b                __brkval
                0x00802a5d                __flp
                0x00802a5f                PROVIDE (__bss_end, .)
                0x00005762                __data_load_start = LOADADDR (.data)
                0x000058c0                __data_load_end = (__data_load_start + SIZEOF (.data))

.noinit         0x00802a5f        0x0
                0x00802a5f                PROVIDE (__noinit_start, .)
 *(.noinit*)
                0x00802a5f                PROVIDE (__noinit_end, .)
                0x00802a5f                _end = .
                0x00802a5f                PROVIDE (__heap_start, .)

.eeprom         0x00810000        0x0
 *(.eeprom*)
                0x00810000                __eeprom_end = .

.fuse
 *(.fuse)
 *(.lfuse)
 *(.hfuse)
 *(.efuse)

.lock
 *(.lock*)

.signature
 *(.signature*)

.user_signatures
 *(.user_signatures*)

.stab           0x00000000     0x25a4
 *(.stab)
 .stab          0x00000000      0x6e4 c:/program files (x86)/atmel/atmel toolchain/avr8 gcc/native/3.4.2.1002/avr8-gnu-toolchain/bin/../lib/gcc/avr/4.7.2/../../../../avr/lib/avrxmega6/crtx256a3bu.o
 .stab          0x000006e4       0x78 c:/program files (x86)/atmel/atmel toolchain/avr8 gcc/native/3.4.2.1002/avr8-gnu-toolchain/bin/../lib/gcc/avr/4.7.2/../../../../avr/lib/avrxmega6\libm.a(addsf3.o)
                                 0x84 (size before relaxing)
 .stab          0x0000075c      0x4bc c:/program files (x86)/atmel/atmel toolchain/avr8 gcc/native/3.4.2.1002/avr8-gnu-toolchain/bin/../lib/gcc/avr/4.7.2/../../../../avr/lib/avrxmega6\libm.a(addsf3x.o)
                                0x4c8 (size before relaxing)
 .stab          0x00000c18       0x6c c:/program files (x86)/atmel/atmel toolchain/avr8 gcc/native/3.4.2.1002/avr8-gnu-toolchain/bin/../lib/gcc/avr/4.7.2/../../../../avr/lib/avrxmega6\libm.a(fixsfsi.o)
                                 0x78 (size before relaxing)
 .stab          0x00000c84      0x240 c:/program files (x86)/atmel/atmel toolchain/avr8 gcc/native/3.4.2.1002/avr8-gnu-toolchain/bin/../lib/gcc/avr/4.7.2/../../../../avr/lib/avrxmega6\libm.a(fixunssfsi.o)
                                0x24c (size before relaxing)
 .stab          0x00000ec4      0x318 c:/program files (x86)/atmel/atmel toolchain/avr8 gcc/native/3.4.2.1002/avr8-gnu-toolchain/bin/../lib/gcc/avr/4.7.2/../../../../avr/lib/avrxmega6\libm.a(floatsisf.o)
                                0x324 (size before relaxing)
 .stab          0x000011dc       0x78 c:/program files (x86)/atmel/atmel toolchain/avr8 gcc/native/3.4.2.1002/avr8-gnu-toolchain/bin/../lib/gcc/avr/4.7.2/../../../../avr/lib/avrxmega6\libm.a(fp_inf.o)
                                 0x84 (size before relaxing)
 .stab          0x00001254       0x54 c:/program files (x86)/atmel/atmel toolchain/avr8 gcc/native/3.4.2.1002/avr8-gnu-toolchain/bin/../lib/gcc/avr/4.7.2/../../../../avr/lib/avrxmega6\libm.a(fp_nan.o)
                                 0x60 (size before relaxing)
 .stab          0x000012a8       0x84 c:/program files (x86)/atmel/atmel toolchain/avr8 gcc/native/3.4.2.1002/avr8-gnu-toolchain/bin/../lib/gcc/avr/4.7.2/../../../../avr/lib/avrxmega6\libm.a(fp_pscA.o)
                                 0x90 (size before relaxing)
 .stab          0x0000132c       0x84 c:/program files (x86)/atmel/atmel toolchain/avr8 gcc/native/3.4.2.1002/avr8-gnu-toolchain/bin/../lib/gcc/avr/4.7.2/../../../../avr/lib/avrxmega6\libm.a(fp_pscB.o)
                                 0x90 (size before relaxing)
 .stab          0x000013b0       0xfc c:/program files (x86)/atmel/atmel toolchain/avr8 gcc/native/3.4.2.1002/avr8-gnu-toolchain/bin/../lib/gcc/avr/4.7.2/../../../../avr/lib/avrxmega6\libm.a(fp_round.o)
                                0x108 (size before relaxing)
 .stab          0x000014ac      0x1d4 c:/program files (x86)/atmel/atmel toolchain/avr8 gcc/native/3.4.2.1002/avr8-gnu-toolchain/bin/../lib/gcc/avr/4.7.2/../../../../avr/lib/avrxmega6\libm.a(fp_split3.o)
                                0x1e0 (size before relaxing)
 .stab          0x00001680       0x90 c:/program files (x86)/atmel/atmel toolchain/avr8 gcc/native/3.4.2.1002/avr8-gnu-toolchain/bin/../lib/gcc/avr/4.7.2/../../../../avr/lib/avrxmega6\libm.a(fp_zero.o)
                                 0x9c (size before relaxing)
 .stab          0x00001710       0x48 c:/program files (x86)/atmel/atmel toolchain/avr8 gcc/native/3.4.2.1002/avr8-gnu-toolchain/bin/../lib/gcc/avr/4.7.2/../../../../avr/lib/avrxmega6\libm.a(mulsf3.o)
                                 0x54 (size before relaxing)
 .stab          0x00001758      0x4d4 c:/program files (x86)/atmel/atmel toolchain/avr8 gcc/native/3.4.2.1002/avr8-gnu-toolchain/bin/../lib/gcc/avr/4.7.2/../../../../avr/lib/avrxmega6\libm.a(mulsf3x.o)
                                0x4e0 (size before relaxing)
 .stab          0x00001c2c       0x48 c:/program files (x86)/atmel/atmel toolchain/avr8 gcc/native/3.4.2.1002/avr8-gnu-toolchain/bin/../lib/gcc/avr/4.7.2/../../../../avr/lib/avrxmega6\libc.a(abort.o)
                                 0x54 (size before relaxing)
 .stab          0x00001c74       0x84 c:/program files (x86)/atmel/atmel toolchain/avr8 gcc/native/3.4.2.1002/avr8-gnu-toolchain/bin/../lib/gcc/avr/4.7.2/../../../../avr/lib/avrxmega6\libc.a(memcpy.o)
                                 0x90 (size before relaxing)
 .stab          0x00001cf8       0x6c c:/program files (x86)/atmel/atmel toolchain/avr8 gcc/native/3.4.2.1002/avr8-gnu-toolchain/bin/../lib/gcc/avr/4.7.2/../../../../avr/lib/avrxmega6\libc.a(memset.o)
                                 0x78 (size before relaxing)
 .stab          0x00001d64      0x1b0 c:/program files (x86)/atmel/atmel toolchain/avr8 gcc/native/3.4.2.1002/avr8-gnu-toolchain/bin/../lib/gcc/avr/4.7.2/../../../../avr/lib/avrxmega6\libc.a(itoa.o)
                                0x1bc (size before relaxing)
 .stab          0x00001f14       0x9c c:/program files (x86)/atmel/atmel toolchain/avr8 gcc/native/3.4.2.1002/avr8-gnu-toolchain/bin/../lib/gcc/avr/4.7.2/../../../../avr/lib/avrxmega6\libc.a(strnlen_P.o)
                                 0xa8 (size before relaxing)
 .stab          0x00001fb0       0x9c c:/program files (x86)/atmel/atmel toolchain/avr8 gcc/native/3.4.2.1002/avr8-gnu-toolchain/bin/../lib/gcc/avr/4.7.2/../../../../avr/lib/avrxmega6\libc.a(strnlen.o)
                                 0xa8 (size before relaxing)
 .stab          0x0000204c       0xd8 c:/program files (x86)/atmel/atmel toolchain/avr8 gcc/native/3.4.2.1002/avr8-gnu-toolchain/bin/../lib/gcc/avr/4.7.2/../../../../avr/lib/avrxmega6\libc.a(strrev.o)
                                 0xe4 (size before relaxing)
 .stab          0x00002124      0x480 c:/program files (x86)/atmel/atmel toolchain/avr8 gcc/native/3.4.2.1002/avr8-gnu-toolchain/bin/../lib/gcc/avr/4.7.2/../../../../avr/lib/avrxmega6\libc.a(ultoa_invert.o)
                                0x48c (size before relaxing)

.stabstr        0x00000000      0xaa1
 *(.stabstr)
 .stabstr       0x00000000      0xaa1 c:/program files (x86)/atmel/atmel toolchain/avr8 gcc/native/3.4.2.1002/avr8-gnu-toolchain/bin/../lib/gcc/avr/4.7.2/../../../../avr/lib/avrxmega6/crtx256a3bu.o

.stab.excl
 *(.stab.excl)

.stab.exclstr
 *(.stab.exclstr)

.stab.index
 *(.stab.index)

.stab.indexstr
 *(.stab.indexstr)

.comment        0x00000000       0x2f
 *(.comment)
 .comment       0x00000000       0x2f src/adc_sensors.o
                                 0x30 (size before relaxing)
 .comment       0x00000000       0x30 src/ASF/common/components/display/st7565r/st7565r.o
 .comment       0x00000000       0x30 src/ASF/common/services/calendar/calendar.o
 .comment       0x00000000       0x30 src/ASF/common/services/clock/xmega/sysclk.o
 .comment       0x00000000       0x30 src/ASF/common/services/gfx_mono/gfx_mono_c12832_a1z.o
 .comment       0x00000000       0x30 src/ASF/common/services/gfx_mono/gfx_mono_framebuffer.o
 .comment       0x00000000       0x30 src/ASF/common/services/gfx_mono/gfx_mono_generic.o
 .comment       0x00000000       0x30 src/ASF/common/services/gfx_mono/gfx_mono_menu.o
 .comment       0x00000000       0x30 src/ASF/common/services/gfx_mono/gfx_mono_spinctrl.o
 .comment       0x00000000       0x30 src/ASF/common/services/gfx_mono/gfx_mono_text.o
 .comment       0x00000000       0x30 src/ASF/common/services/gfx_mono/sysfont.o
 .comment       0x00000000       0x30 src/ASF/common/services/ioport/xmega/ioport_compat.o
 .comment       0x00000000       0x30 src/ASF/common/services/sleepmgr/xmega/sleepmgr.o
 .comment       0x00000000       0x30 src/ASF/common/services/spi/xmega_usart_spi/usart_spi.o
 .comment       0x00000000       0x30 src/ASF/common/services/usb/class/cdc/device/udi_cdc.o
 .comment       0x00000000       0x30 src/ASF/common/services/usb/class/cdc/device/udi_cdc_desc.o
 .comment       0x00000000       0x30 src/ASF/common/services/usb/udc/udc.o
 .comment       0x00000000       0x30 src/ASF/xmega/boards/xmega_a3bu_xplained/init.o
 .comment       0x00000000       0x30 src/ASF/xmega/drivers/adc/adc.o
 .comment       0x00000000       0x30 src/ASF/xmega/drivers/adc/xmega_aau/adc_aau.o
 .comment       0x00000000       0x30 src/ASF/xmega/drivers/nvm/nvm.o
 .comment       0x00000000       0x30 src/ASF/xmega/drivers/rtc32/rtc32.o
 .comment       0x00000000       0x30 src/ASF/xmega/drivers/usart/usart.o
 .comment       0x00000000       0x30 src/ASF/xmega/drivers/usb/usb_device.o
 .comment       0x00000000       0x30 src/bitmaps.o
 .comment       0x00000000       0x30 src/cdc.o
 .comment       0x00000000       0x30 src/date_time.o
 .comment       0x00000000       0x30 src/keyboard.o
 .comment       0x00000000       0x30 src/lightsensor.o
 .comment       0x00000000       0x30 src/main.o
 .comment       0x00000000       0x30 src/ntc_sensor.o
 .comment       0x00000000       0x30 src/production_date.o
 .comment       0x00000000       0x30 src/qtouch/touch.o
 .comment       0x00000000       0x30 src/timezone.o
 .comment       0x00000000       0x30 c:/program files (x86)/atmel/atmel toolchain/avr8 gcc/native/3.4.2.1002/avr8-gnu-toolchain/bin/../lib/gcc/avr/4.7.2/../../../../avr/lib/avrxmega6\libc.a(calloc.o)
 .comment       0x00000000       0x30 c:/program files (x86)/atmel/atmel toolchain/avr8 gcc/native/3.4.2.1002/avr8-gnu-toolchain/bin/../lib/gcc/avr/4.7.2/../../../../avr/lib/avrxmega6\libc.a(malloc.o)
 .comment       0x00000000       0x30 c:/program files (x86)/atmel/atmel toolchain/avr8 gcc/native/3.4.2.1002/avr8-gnu-toolchain/bin/../lib/gcc/avr/4.7.2/../../../../avr/lib/avrxmega6\libc.a(snprintf.o)
 .comment       0x00000000       0x30 c:/program files (x86)/atmel/atmel toolchain/avr8 gcc/native/3.4.2.1002/avr8-gnu-toolchain/bin/../lib/gcc/avr/4.7.2/../../../../avr/lib/avrxmega6\libc.a(sprintf.o)
 .comment       0x00000000       0x30 c:/program files (x86)/atmel/atmel toolchain/avr8 gcc/native/3.4.2.1002/avr8-gnu-toolchain/bin/../lib/gcc/avr/4.7.2/../../../../avr/lib/avrxmega6\libc.a(vfprintf_std.o)
 .comment       0x00000000       0x30 c:/program files (x86)/atmel/atmel toolchain/avr8 gcc/native/3.4.2.1002/avr8-gnu-toolchain/bin/../lib/gcc/avr/4.7.2/../../../../avr/lib/avrxmega6\libc.a(fputc.o)

.debug
 *(.debug)

.line
 *(.line)

.debug_srcinfo
 *(.debug_srcinfo)

.debug_sfnames
 *(.debug_sfnames)

.debug_aranges  0x00000000      0xbb8
 *(.debug_aranges)
 .debug_aranges
                0x00000000       0x50 src/adc_sensors.o
 .debug_aranges
                0x00000050       0x20 src/ASF/common/components/display/st7565r/st7565r.o
 .debug_aranges
                0x00000070       0x60 src/ASF/common/services/calendar/calendar.o
 .debug_aranges
                0x000000d0       0x40 src/ASF/common/services/clock/xmega/sysclk.o
 .debug_aranges
                0x00000110       0x60 src/ASF/common/services/gfx_mono/gfx_mono_c12832_a1z.o
 .debug_aranges
                0x00000170       0x58 src/ASF/common/services/gfx_mono/gfx_mono_framebuffer.o
 .debug_aranges
                0x000001c8       0x58 src/ASF/common/services/gfx_mono/gfx_mono_generic.o
 .debug_aranges
                0x00000220       0x30 src/ASF/common/services/gfx_mono/gfx_mono_menu.o
 .debug_aranges
                0x00000250       0x68 src/ASF/common/services/gfx_mono/gfx_mono_spinctrl.o
 .debug_aranges
                0x000002b8       0x40 src/ASF/common/services/gfx_mono/gfx_mono_text.o
 .debug_aranges
                0x000002f8       0x18 src/ASF/common/services/gfx_mono/sysfont.o
 .debug_aranges
                0x00000310       0x20 src/ASF/common/services/ioport/xmega/ioport_compat.o
 .debug_aranges
                0x00000330       0x18 src/ASF/common/services/sleepmgr/xmega/sleepmgr.o
 .debug_aranges
                0x00000348       0x48 src/ASF/common/services/spi/xmega_usart_spi/usart_spi.o
 .debug_aranges
                0x00000390      0x148 src/ASF/common/services/usb/class/cdc/device/udi_cdc.o
 .debug_aranges
                0x000004d8       0x18 src/ASF/common/services/usb/class/cdc/device/udi_cdc_desc.o
 .debug_aranges
                0x000004f0       0x78 src/ASF/common/services/usb/udc/udc.o
 .debug_aranges
                0x00000568       0x20 src/ASF/xmega/boards/xmega_a3bu_xplained/init.o
 .debug_aranges
                0x00000588       0x48 src/ASF/xmega/drivers/adc/adc.o
 .debug_aranges
                0x000005d0       0x78 src/ASF/xmega/drivers/adc/xmega_aau/adc_aau.o
 .debug_aranges
                0x00000648       0x20 src/ASF/xmega/drivers/cpu/ccp.o
 .debug_aranges
                0x00000668       0xc0 src/ASF/xmega/drivers/nvm/nvm.o
 .debug_aranges
                0x00000728       0x28 src/ASF/xmega/drivers/nvm/nvm_asm.o
 .debug_aranges
                0x00000750       0x58 src/ASF/xmega/drivers/rtc32/rtc32.o
 .debug_aranges
                0x000007a8       0x58 src/ASF/xmega/drivers/usart/usart.o
 .debug_aranges
                0x00000800      0x138 src/ASF/xmega/drivers/usb/usb_device.o
 .debug_aranges
                0x00000938       0x18 src/bitmaps.o
 .debug_aranges
                0x00000950       0x30 src/cdc.o
 .debug_aranges
                0x00000980       0x20 src/date_time.o
 .debug_aranges
                0x000009a0       0x20 src/keyboard.o
 .debug_aranges
                0x000009c0       0x20 src/lightsensor.o
 .debug_aranges
                0x000009e0       0x38 src/main.o
 .debug_aranges
                0x00000a18       0x20 src/ntc_sensor.o
 .debug_aranges
                0x00000a38       0x28 src/production_date.o
 .debug_aranges
                0x00000a60       0x20 src/qtouch/qt_asm_xmega.o
 .debug_aranges
                0x00000a80       0x30 src/qtouch/touch.o
 .debug_aranges
                0x00000ab0       0x40 src/timezone.o
 .debug_aranges
                0x00000af0       0x20 c:/program files (x86)/atmel/atmel toolchain/avr8 gcc/native/3.4.2.1002/avr8-gnu-toolchain/bin/../lib/gcc/avr/4.7.2/../../../../avr/lib/avrxmega6\libc.a(calloc.o)
 .debug_aranges
                0x00000b10       0x28 c:/program files (x86)/atmel/atmel toolchain/avr8 gcc/native/3.4.2.1002/avr8-gnu-toolchain/bin/../lib/gcc/avr/4.7.2/../../../../avr/lib/avrxmega6\libc.a(malloc.o)
 .debug_aranges
                0x00000b38       0x20 c:/program files (x86)/atmel/atmel toolchain/avr8 gcc/native/3.4.2.1002/avr8-gnu-toolchain/bin/../lib/gcc/avr/4.7.2/../../../../avr/lib/avrxmega6\libc.a(snprintf.o)
 .debug_aranges
                0x00000b58       0x20 c:/program files (x86)/atmel/atmel toolchain/avr8 gcc/native/3.4.2.1002/avr8-gnu-toolchain/bin/../lib/gcc/avr/4.7.2/../../../../avr/lib/avrxmega6\libc.a(sprintf.o)
 .debug_aranges
                0x00000b78       0x20 c:/program files (x86)/atmel/atmel toolchain/avr8 gcc/native/3.4.2.1002/avr8-gnu-toolchain/bin/../lib/gcc/avr/4.7.2/../../../../avr/lib/avrxmega6\libc.a(vfprintf_std.o)
 .debug_aranges
                0x00000b98       0x20 c:/program files (x86)/atmel/atmel toolchain/avr8 gcc/native/3.4.2.1002/avr8-gnu-toolchain/bin/../lib/gcc/avr/4.7.2/../../../../avr/lib/avrxmega6\libc.a(fputc.o)

.debug_pubnames
 *(.debug_pubnames)

.debug_info     0x00000000    0x1aec7
 *(.debug_info)
 .debug_info    0x00000000     0x1265 src/adc_sensors.o
 .debug_info    0x00001265     0x1b62 src/ASF/common/components/display/st7565r/st7565r.o
 .debug_info    0x00002dc7      0x6f3 src/ASF/common/services/calendar/calendar.o
 .debug_info    0x000034ba      0xc52 src/ASF/common/services/clock/xmega/sysclk.o
 .debug_info    0x0000410c     0x2008 src/ASF/common/services/gfx_mono/gfx_mono_c12832_a1z.o
 .debug_info    0x00006114      0x48a src/ASF/common/services/gfx_mono/gfx_mono_framebuffer.o
 .debug_info    0x0000659e      0xc40 src/ASF/common/services/gfx_mono/gfx_mono_generic.o
 .debug_info    0x000071de      0x544 src/ASF/common/services/gfx_mono/gfx_mono_menu.o
 .debug_info    0x00007722      0xe12 src/ASF/common/services/gfx_mono/gfx_mono_spinctrl.o
 .debug_info    0x00008534      0x735 src/ASF/common/services/gfx_mono/gfx_mono_text.o
 .debug_info    0x00008c69      0x196 src/ASF/common/services/gfx_mono/sysfont.o
 .debug_info    0x00008dff      0x12b src/ASF/common/services/ioport/xmega/ioport_compat.o
 .debug_info    0x00008f2a      0x12f src/ASF/common/services/sleepmgr/xmega/sleepmgr.o
 .debug_info    0x00009059      0xbb9 src/ASF/common/services/spi/xmega_usart_spi/usart_spi.o
 .debug_info    0x00009c12     0x156c src/ASF/common/services/usb/class/cdc/device/udi_cdc.o
 .debug_info    0x0000b17e      0x74d src/ASF/common/services/usb/class/cdc/device/udi_cdc_desc.o
 .debug_info    0x0000b8cb     0x10a2 src/ASF/common/services/usb/udc/udc.o
 .debug_info    0x0000c96d      0x80e src/ASF/xmega/boards/xmega_a3bu_xplained/init.o
 .debug_info    0x0000d17b      0xabc src/ASF/xmega/drivers/adc/adc.o
 .debug_info    0x0000dc37      0xf8c src/ASF/xmega/drivers/adc/xmega_aau/adc_aau.o
 .debug_info    0x0000ebc3       0xb2 src/ASF/xmega/drivers/cpu/ccp.o
 .debug_info    0x0000ec75     0x13c0 src/ASF/xmega/drivers/nvm/nvm.o
 .debug_info    0x00010035       0xb2 src/ASF/xmega/drivers/nvm/nvm_asm.o
 .debug_info    0x000100e7      0x71b src/ASF/xmega/drivers/rtc32/rtc32.o
 .debug_info    0x00010802      0xf50 src/ASF/xmega/drivers/usart/usart.o
 .debug_info    0x00011752     0x1d15 src/ASF/xmega/drivers/usb/usb_device.o
 .debug_info    0x00013467      0x242 src/bitmaps.o
 .debug_info    0x000136a9      0x392 src/cdc.o
 .debug_info    0x00013a3b     0x1338 src/date_time.o
 .debug_info    0x00014d73      0x5d0 src/keyboard.o
 .debug_info    0x00015343      0xb4f src/lightsensor.o
 .debug_info    0x00015e92     0x1a98 src/main.o
 .debug_info    0x0001792a      0xbe6 src/ntc_sensor.o
 .debug_info    0x00018510      0x843 src/production_date.o
 .debug_info    0x00018d53       0xac src/qtouch/qt_asm_xmega.o
 .debug_info    0x00018dff      0xa48 src/qtouch/touch.o
 .debug_info    0x00019847      0x85b src/timezone.o
 .debug_info    0x0001a0a2      0x10b c:/program files (x86)/atmel/atmel toolchain/avr8 gcc/native/3.4.2.1002/avr8-gnu-toolchain/bin/../lib/gcc/avr/4.7.2/../../../../avr/lib/avrxmega6\libc.a(calloc.o)
 .debug_info    0x0001a1ad      0x23d c:/program files (x86)/atmel/atmel toolchain/avr8 gcc/native/3.4.2.1002/avr8-gnu-toolchain/bin/../lib/gcc/avr/4.7.2/../../../../avr/lib/avrxmega6\libc.a(malloc.o)
 .debug_info    0x0001a3ea      0x21c c:/program files (x86)/atmel/atmel toolchain/avr8 gcc/native/3.4.2.1002/avr8-gnu-toolchain/bin/../lib/gcc/avr/4.7.2/../../../../avr/lib/avrxmega6\libc.a(snprintf.o)
 .debug_info    0x0001a606      0x204 c:/program files (x86)/atmel/atmel toolchain/avr8 gcc/native/3.4.2.1002/avr8-gnu-toolchain/bin/../lib/gcc/avr/4.7.2/../../../../avr/lib/avrxmega6\libc.a(sprintf.o)
 .debug_info    0x0001a80a      0x549 c:/program files (x86)/atmel/atmel toolchain/avr8 gcc/native/3.4.2.1002/avr8-gnu-toolchain/bin/../lib/gcc/avr/4.7.2/../../../../avr/lib/avrxmega6\libc.a(vfprintf_std.o)
 .debug_info    0x0001ad53      0x174 c:/program files (x86)/atmel/atmel toolchain/avr8 gcc/native/3.4.2.1002/avr8-gnu-toolchain/bin/../lib/gcc/avr/4.7.2/../../../../avr/lib/avrxmega6\libc.a(fputc.o)
 *(.gnu.linkonce.wi.*)

.debug_abbrev   0x00000000     0x5b28
 *(.debug_abbrev)
 .debug_abbrev  0x00000000      0x3d9 src/adc_sensors.o
 .debug_abbrev  0x000003d9      0x26c src/ASF/common/components/display/st7565r/st7565r.o
 .debug_abbrev  0x00000645      0x1f9 src/ASF/common/services/calendar/calendar.o
 .debug_abbrev  0x0000083e      0x2cd src/ASF/common/services/clock/xmega/sysclk.o
 .debug_abbrev  0x00000b0b      0x358 src/ASF/common/services/gfx_mono/gfx_mono_c12832_a1z.o
 .debug_abbrev  0x00000e63      0x18b src/ASF/common/services/gfx_mono/gfx_mono_framebuffer.o
 .debug_abbrev  0x00000fee      0x1d6 src/ASF/common/services/gfx_mono/gfx_mono_generic.o
 .debug_abbrev  0x000011c4      0x1a5 src/ASF/common/services/gfx_mono/gfx_mono_menu.o
 .debug_abbrev  0x00001369      0x288 src/ASF/common/services/gfx_mono/gfx_mono_spinctrl.o
 .debug_abbrev  0x000015f1      0x237 src/ASF/common/services/gfx_mono/gfx_mono_text.o
 .debug_abbrev  0x00001828       0xde src/ASF/common/services/gfx_mono/sysfont.o
 .debug_abbrev  0x00001906       0x93 src/ASF/common/services/ioport/xmega/ioport_compat.o
 .debug_abbrev  0x00001999       0x80 src/ASF/common/services/sleepmgr/xmega/sleepmgr.o
 .debug_abbrev  0x00001a19      0x2e0 src/ASF/common/services/spi/xmega_usart_spi/usart_spi.o
 .debug_abbrev  0x00001cf9      0x3a9 src/ASF/common/services/usb/class/cdc/device/udi_cdc.o
 .debug_abbrev  0x000020a2       0xef src/ASF/common/services/usb/class/cdc/device/udi_cdc_desc.o
 .debug_abbrev  0x00002191      0x3b2 src/ASF/common/services/usb/udc/udc.o
 .debug_abbrev  0x00002543      0x160 src/ASF/xmega/boards/xmega_a3bu_xplained/init.o
 .debug_abbrev  0x000026a3      0x2b9 src/ASF/xmega/drivers/adc/adc.o
 .debug_abbrev  0x0000295c      0x36d src/ASF/xmega/drivers/adc/xmega_aau/adc_aau.o
 .debug_abbrev  0x00002cc9       0x14 src/ASF/xmega/drivers/cpu/ccp.o
 .debug_abbrev  0x00002cdd      0x3f4 src/ASF/xmega/drivers/nvm/nvm.o
 .debug_abbrev  0x000030d1       0x12 src/ASF/xmega/drivers/nvm/nvm_asm.o
 .debug_abbrev  0x000030e3      0x2c9 src/ASF/xmega/drivers/rtc32/rtc32.o
 .debug_abbrev  0x000033ac      0x3a2 src/ASF/xmega/drivers/usart/usart.o
 .debug_abbrev  0x0000374e      0x596 src/ASF/xmega/drivers/usb/usb_device.o
 .debug_abbrev  0x00003ce4       0xc6 src/bitmaps.o
 .debug_abbrev  0x00003daa      0x1a6 src/cdc.o
 .debug_abbrev  0x00003f50      0x254 src/date_time.o
 .debug_abbrev  0x000041a4      0x1bd src/keyboard.o
 .debug_abbrev  0x00004361      0x308 src/lightsensor.o
 .debug_abbrev  0x00004669      0x46a src/main.o
 .debug_abbrev  0x00004ad3      0x339 src/ntc_sensor.o
 .debug_abbrev  0x00004e0c      0x203 src/production_date.o
 .debug_abbrev  0x0000500f       0x14 src/qtouch/qt_asm_xmega.o
 .debug_abbrev  0x00005023      0x237 src/qtouch/touch.o
 .debug_abbrev  0x0000525a      0x1e0 src/timezone.o
 .debug_abbrev  0x0000543a       0xcb c:/program files (x86)/atmel/atmel toolchain/avr8 gcc/native/3.4.2.1002/avr8-gnu-toolchain/bin/../lib/gcc/avr/4.7.2/../../../../avr/lib/avrxmega6\libc.a(calloc.o)
 .debug_abbrev  0x00005505       0xf9 c:/program files (x86)/atmel/atmel toolchain/avr8 gcc/native/3.4.2.1002/avr8-gnu-toolchain/bin/../lib/gcc/avr/4.7.2/../../../../avr/lib/avrxmega6\libc.a(malloc.o)
 .debug_abbrev  0x000055fe      0x139 c:/program files (x86)/atmel/atmel toolchain/avr8 gcc/native/3.4.2.1002/avr8-gnu-toolchain/bin/../lib/gcc/avr/4.7.2/../../../../avr/lib/avrxmega6\libc.a(snprintf.o)
 .debug_abbrev  0x00005737      0x12a c:/program files (x86)/atmel/atmel toolchain/avr8 gcc/native/3.4.2.1002/avr8-gnu-toolchain/bin/../lib/gcc/avr/4.7.2/../../../../avr/lib/avrxmega6\libc.a(sprintf.o)
 .debug_abbrev  0x00005861      0x1d6 c:/program files (x86)/atmel/atmel toolchain/avr8 gcc/native/3.4.2.1002/avr8-gnu-toolchain/bin/../lib/gcc/avr/4.7.2/../../../../avr/lib/avrxmega6\libc.a(vfprintf_std.o)
 .debug_abbrev  0x00005a37       0xf1 c:/program files (x86)/atmel/atmel toolchain/avr8 gcc/native/3.4.2.1002/avr8-gnu-toolchain/bin/../lib/gcc/avr/4.7.2/../../../../avr/lib/avrxmega6\libc.a(fputc.o)

.debug_line     0x00000000    0x15258
 *(.debug_line)
 .debug_line    0x00000000      0x8a4 src/adc_sensors.o
 .debug_line    0x000008a4      0xa24 src/ASF/common/components/display/st7565r/st7565r.o
 .debug_line    0x000012c8      0x5db src/ASF/common/services/calendar/calendar.o
 .debug_line    0x000018a3      0x762 src/ASF/common/services/clock/xmega/sysclk.o
 .debug_line    0x00002005      0xd42 src/ASF/common/services/gfx_mono/gfx_mono_c12832_a1z.o
 .debug_line    0x00002d47      0x962 src/ASF/common/services/gfx_mono/gfx_mono_framebuffer.o
 .debug_line    0x000036a9      0xcb1 src/ASF/common/services/gfx_mono/gfx_mono_generic.o
 .debug_line    0x0000435a      0x933 src/ASF/common/services/gfx_mono/gfx_mono_menu.o
 .debug_line    0x00004c8d      0xd66 src/ASF/common/services/gfx_mono/gfx_mono_spinctrl.o
 .debug_line    0x000059f3      0xa16 src/ASF/common/services/gfx_mono/gfx_mono_text.o
 .debug_line    0x00006409      0x7e8 src/ASF/common/services/gfx_mono/sysfont.o
 .debug_line    0x00006bf1      0x4d7 src/ASF/common/services/ioport/xmega/ioport_compat.o
 .debug_line    0x000070c8      0x47e src/ASF/common/services/sleepmgr/xmega/sleepmgr.o
 .debug_line    0x00007546      0x821 src/ASF/common/services/spi/xmega_usart_spi/usart_spi.o
 .debug_line    0x00007d67      0xea4 src/ASF/common/services/usb/class/cdc/device/udi_cdc.o
 .debug_line    0x00008c0b      0x627 src/ASF/common/services/usb/class/cdc/device/udi_cdc_desc.o
 .debug_line    0x00009232      0xc38 src/ASF/common/services/usb/udc/udc.o
 .debug_line    0x00009e6a      0x506 src/ASF/xmega/boards/xmega_a3bu_xplained/init.o